Copyright 1986-2022 Xilinx, Inc. All Rights Reserved. Copyright 2022-2025 Advanced Micro Devices, Inc. All Rights Reserved.
---------------------------------------------------------------------------------------------------------------------------------------------------
| Tool Version : Vivado v.2025.2 (lin64) Build 6299465 Fri Nov 14 12:34:56 MST 2025
| Date         : Sun Jul  5 19:35:48 2026
| Host         : barnard3.esat.kuleuven.be running 64-bit Rocky Linux release 8.10 (Green Obsidian)
| Command      : report_high_fanout_nets -fanout_greater_than 50 -max_nets 300 -file HeMAiA/target/fpga/hemaia_system/post_physopt_high_fanout.rpt
| Design       : hemaia_system_wrapper
| Device       : xcvp1802
| Design State : Physopt postPlace
---------------------------------------------------------------------------------------------------------------------------------------------------

High Fan-out Nets Information

1. Summary
----------

+-----------------------------------------------------------------------------------------------------------------------------------------------------------------------------------------------------------------------------------------------------------------------------------------------------+--------+-------------+
| Net Name                                                                                                                                                                                                                                                                                            | Fanout | Driver Type |
+-----------------------------------------------------------------------------------------------------------------------------------------------------------------------------------------------------------------------------------------------------------------------------------------------------+--------+-------------+
| hemaia_system_i/occamy_chip/inst/i_hemaia_clk_rst_controller/i_reset_sync/g_rst[0].g_delay.pipe_ff_reg[2]_0                                                                                                                                                                                         |  61101 | LUT1        |
| hemaia_system_i/occamy_chip/inst/i_hemaia_clk_rst_controller/i_reset_sync/g_rst[0].g_delay.pipe_ff_reg[2]_0_hfnBufgFabricNet                                                                                                                                                                        |  45331 | BUFG_FABRIC |
| hemaia_system_i/occamy_chip/inst/i_hemaia_clk_rst_controller/i_reset_sync/g_rst[2].g_delay.pipe_ff_reg[2]_17                                                                                                                                                                                        |  43225 | LUT1        |
| hemaia_system_i/occamy_chip/inst/i_hemaia_clk_rst_controller/i_reset_sync/g_rst[0].g_delay.pipe_ff_reg[2]_0_hfnBufgFabricNet_1                                                                                                                                                                      |  42340 | BUFG_FABRIC |
| hemaia_system_i/occamy_chip/inst/i_hemaia_clk_rst_controller/i_reset_sync/g_rst[0].g_delay.pipe_ff_reg[2]_0_hfnBufgFabricNet_2                                                                                                                                                                      |  36987 | BUFG_FABRIC |
| hemaia_system_i/occamy_chip/inst/i_hemaia_clk_rst_controller/i_reset_sync/g_rst[0].g_delay.pipe_ff_reg[2]_0_hfnBufgFabricNet_3                                                                                                                                                                      |  34055 | BUFG_FABRIC |
| hemaia_system_i/occamy_chip/inst/i_hemaia_clk_rst_controller/i_reset_sync/g_rst[3].g_delay.pipe_ff_reg[2]_17_hfnBufgFabricNet                                                                                                                                                                       |  30923 | BUFG_FABRIC |
| hemaia_system_i/rst_or_core/Res_BUFGCE                                                                                                                                                                                                                                                              |  25326 | BUFG_FABRIC |
| hemaia_system_i/occamy_chip/inst/i_hemaia_clk_rst_controller/i_reset_sync/g_rst[1].g_delay.pipe_ff_reg[2]_17_hfnBufgFabricNet                                                                                                                                                                       |  25057 | BUFG_FABRIC |
| hemaia_system_i/occamy_chip/inst/i_hemaia_clk_rst_controller/i_reset_sync/g_rst[4].g_delay.pipe_ff_reg[2]_17_hfnBufgFabricNet                                                                                                                                                                       |  24497 | BUFG_FABRIC |
| hemaia_system_i/occamy_chip/inst/i_hemaia_clk_rst_controller/i_reset_sync/g_rst[4].g_delay.pipe_ff_reg[2]_17_hfnBufgFabricNet_1                                                                                                                                                                     |  22093 | BUFG_FABRIC |
| hemaia_system_i/occamy_chip/inst/i_hemaia_clk_rst_controller/i_reset_sync/g_rst[3].g_delay.pipe_ff_reg[2]_17_hfnBufgFabricNet_1                                                                                                                                                                     |  21746 | BUFG_FABRIC |
| hemaia_system_i/occamy_chip/inst/i_hemaia_clk_rst_controller/i_reset_sync/g_rst[0].g_delay.pipe_ff_reg[2]_0_hfnBufgFabricNet_4                                                                                                                                                                      |  20036 | BUFG_FABRIC |
| hemaia_system_i/occamy_chip/inst/i_hemaia_clk_rst_controller/i_reset_sync/g_rst[2].g_delay.pipe_ff_reg[2]_17_hfnBufgFabricNet                                                                                                                                                                       |  19782 | BUFG_FABRIC |
| hemaia_system_i/occamy_chip/inst/i_hemaia_clk_rst_controller/i_reset_sync/g_rst[1].g_delay.pipe_ff_reg[2]_17_hfnBufgFabricNet_1                                                                                                                                                                     |  19574 | BUFG_FABRIC |
| hemaia_system_i/occamy_chip/inst/i_hemaia_clk_rst_controller/i_reset_sync/g_rst[1].g_delay.pipe_ff_reg[2]_17                                                                                                                                                                                        |  18313 | LUT1        |
| hemaia_system_i/occamy_chip/inst/i_hemaia_clk_rst_controller/i_reset_sync/g_rst[4].g_delay.pipe_ff_reg[2]_17                                                                                                                                                                                        |  16374 | LUT1        |
| hemaia_system_i/occamy_chip/inst/i_occamy/i_occamy_soc/i_occamy_cva6_ara/i_ariane/rst_uarch_n                                                                                                                                                                                                       |  13899 | FDCE        |
| hemaia_system_i/occamy_chip/inst/i_hemaia_clk_rst_controller/i_reset_sync/g_rst[3].g_delay.pipe_ff_reg[2]_17                                                                                                                                                                                        |  10297 | LUT1        |
| hemaia_system_i/occamy_chip/inst/i_occamy/i_occamy_soc/i_occamy_quad/i_occamy_cluster_1/i_snax_core_0_acc_0_snax_dual_versacore_swiglu/i_snax_dual_versacore_swiglu_shell_wrapper/inst_VersaCore_1/array/VersaCore_fullCutFullBandwidth_1/ram_ext/do_enq                                            |   9376 | LUT6        |
| hemaia_system_i/occamy_chip/inst/i_occamy/i_occamy_soc/i_occamy_quad/i_occamy_cluster_2/i_snax_core_0_acc_0_snax_dual_versacore_swiglu/i_snax_dual_versacore_swiglu_shell_wrapper/inst_VersaCore_1/array/VersaCore_fullCutFullBandwidth_1/ram_ext/do_enq                                            |   9376 | LUT6        |
| hemaia_system_i/occamy_chip/inst/i_occamy/i_occamy_soc/i_occamy_quad/i_occamy_cluster_3/i_snax_core_0_acc_0_snax_dual_versacore_swiglu/i_snax_dual_versacore_swiglu_shell_wrapper/inst_VersaCore_1/array/VersaCore_fullCutFullBandwidth_1/ram_ext/do_enq                                            |   9376 | LUT6        |
| hemaia_system_i/occamy_chip/inst/i_occamy/i_occamy_soc/i_occamy_quad/i_occamy_cluster_0/i_snax_core_0_acc_0_snax_dual_versacore_swiglu/i_snax_dual_versacore_swiglu_shell_wrapper/inst_VersaCore_0/array/VersaCore_fullCutFullBandwidth_1/ram_ext/do_enq                                            |   9372 | LUT6        |
| hemaia_system_i/occamy_chip/inst/i_occamy/i_occamy_soc/i_occamy_quad/i_occamy_cluster_0/i_snax_core_0_acc_0_snax_dual_versacore_swiglu/i_snax_dual_versacore_swiglu_shell_wrapper/inst_VersaCore_1/array/VersaCore_fullCutFullBandwidth_1/ram_ext/do_enq                                            |   9372 | LUT6        |
| hemaia_system_i/occamy_chip/inst/i_occamy/i_occamy_soc/i_occamy_quad/i_occamy_cluster_1/i_snax_core_0_acc_0_snax_dual_versacore_swiglu/i_snax_dual_versacore_swiglu_shell_wrapper/inst_VersaCore_0/array/VersaCore_fullCutFullBandwidth_1/ram_ext/do_enq                                            |   9372 | LUT6        |
| hemaia_system_i/occamy_chip/inst/i_occamy/i_occamy_soc/i_occamy_quad/i_occamy_cluster_2/i_snax_core_0_acc_0_snax_dual_versacore_swiglu/i_snax_dual_versacore_swiglu_shell_wrapper/inst_VersaCore_0/array/VersaCore_fullCutFullBandwidth_1/ram_ext/do_enq                                            |   9372 | LUT6        |
| hemaia_system_i/occamy_chip/inst/i_occamy/i_occamy_soc/i_occamy_quad/i_occamy_cluster_3/i_snax_core_0_acc_0_snax_dual_versacore_swiglu/i_snax_dual_versacore_swiglu_shell_wrapper/inst_VersaCore_0/array/VersaCore_fullCutFullBandwidth_1/ram_ext/do_enq                                            |   9372 | LUT6        |
| hemaia_system_i/occamy_chip/inst/i_occamy/i_occamy_soc/i_occamy_quad/i_quad_wide_xbar/gen_slv_port_demux[4].i_axi_demux/i_w_spill_reg/spill_register_flushable_i/gen_spill_reg.b_full_q_reg_0                                                                                                       |   2318 | FDCE        |
| hemaia_system_i/occamy_chip/inst/i_occamy/i_occamy_soc/i_occamy_quad/i_quad_wide_xbar/gen_mst_port_mux[4].i_axi_mux/gen_mux.i_r_spill_reg/spill_register_flushable_i/gen_spill_reg.b_full_q_reg_0                                                                                                   |   2071 | FDCE        |
| hemaia_system_i/occamy_chip/inst/i_occamy/i_occamy_soc/i_occamy_quad/i_occamy_cluster_0/i_snax_core_0_acc_0_snax_dual_versacore_swiglu/i_snax_dual_versacore_swiglu_shell_wrapper/u_silu_multilane/E[0]                                                                                             |   2048 | LUT5        |
| hemaia_system_i/occamy_chip/inst/i_occamy/i_occamy_soc/i_occamy_quad/i_occamy_cluster_1/i_snax_core_0_acc_0_snax_dual_versacore_swiglu/i_snax_dual_versacore_swiglu_shell_wrapper/u_silu_multilane/E[0]                                                                                             |   2048 | LUT5        |
| hemaia_system_i/occamy_chip/inst/i_occamy/i_occamy_soc/i_occamy_quad/i_occamy_cluster_2/i_snax_core_0_acc_0_snax_dual_versacore_swiglu/i_snax_dual_versacore_swiglu_shell_wrapper/u_silu_multilane/E[0]                                                                                             |   2048 | LUT5        |
| hemaia_system_i/occamy_chip/inst/i_occamy/i_occamy_soc/i_occamy_quad/i_occamy_cluster_3/i_snax_core_0_acc_0_snax_dual_versacore_swiglu/i_snax_dual_versacore_swiglu_shell_wrapper/u_silu_multilane/E[0]                                                                                             |   2048 | LUT5        |
| hemaia_system_i/occamy_chip/inst/i_occamy/i_occamy_soc/i_occamy_quad/i_occamy_cluster_1/i_snax_core_0_acc_0_snax_dual_versacore_swiglu/i_snax_dual_versacore_swiglu_shell_wrapper/inst_VersaCore_0/array/VersaCore_fullCutFullBandwidth_1/wrap_reg_rep__0_n_0                                       |   1893 | FDCE        |
| hemaia_system_i/occamy_chip/inst/i_occamy/i_occamy_soc/i_occamy_quad/i_occamy_cluster_0/i_snax_core_0_acc_0_snax_dual_versacore_swiglu/i_snax_dual_versacore_swiglu_shell_wrapper/inst_VersaCore_0/array/VersaCore_fullCutFullBandwidth_1/wrap_reg_rep__0_n_0                                       |   1888 | FDCE        |
| hemaia_system_i/occamy_chip/inst/i_occamy/i_occamy_soc/i_occamy_quad/i_occamy_cluster_0/i_snax_core_0_acc_0_snax_dual_versacore_swiglu/i_snax_dual_versacore_swiglu_shell_wrapper/inst_VersaCore_0/array/VersaCore_fullCutFullBandwidth_1/wrap_reg_rep__1_n_0                                       |   1888 | FDCE        |
| hemaia_system_i/occamy_chip/inst/i_occamy/i_occamy_soc/i_occamy_quad/i_occamy_cluster_0/i_snax_core_0_acc_0_snax_dual_versacore_swiglu/i_snax_dual_versacore_swiglu_shell_wrapper/inst_VersaCore_0/array/VersaCore_fullCutFullBandwidth_1/wrap_reg_rep__2_n_0                                       |   1888 | FDCE        |
| hemaia_system_i/occamy_chip/inst/i_occamy/i_occamy_soc/i_occamy_quad/i_occamy_cluster_0/i_snax_core_0_acc_0_snax_dual_versacore_swiglu/i_snax_dual_versacore_swiglu_shell_wrapper/inst_VersaCore_1/array/VersaCore_fullCutFullBandwidth_1/wrap_reg_rep__0_n_0                                       |   1888 | FDCE        |
| hemaia_system_i/occamy_chip/inst/i_occamy/i_occamy_soc/i_occamy_quad/i_occamy_cluster_0/i_snax_core_0_acc_0_snax_dual_versacore_swiglu/i_snax_dual_versacore_swiglu_shell_wrapper/inst_VersaCore_1/array/VersaCore_fullCutFullBandwidth_1/wrap_reg_rep__1_n_0                                       |   1888 | FDCE        |
| hemaia_system_i/occamy_chip/inst/i_occamy/i_occamy_soc/i_occamy_quad/i_occamy_cluster_0/i_snax_core_0_acc_0_snax_dual_versacore_swiglu/i_snax_dual_versacore_swiglu_shell_wrapper/inst_VersaCore_1/array/VersaCore_fullCutFullBandwidth_1/wrap_reg_rep__2_n_0                                       |   1888 | FDCE        |
| hemaia_system_i/occamy_chip/inst/i_occamy/i_occamy_soc/i_occamy_quad/i_occamy_cluster_1/i_snax_core_0_acc_0_snax_dual_versacore_swiglu/i_snax_dual_versacore_swiglu_shell_wrapper/inst_VersaCore_0/array/VersaCore_fullCutFullBandwidth_1/wrap_reg_rep__1_n_0                                       |   1888 | FDCE        |
| hemaia_system_i/occamy_chip/inst/i_occamy/i_occamy_soc/i_occamy_quad/i_occamy_cluster_1/i_snax_core_0_acc_0_snax_dual_versacore_swiglu/i_snax_dual_versacore_swiglu_shell_wrapper/inst_VersaCore_0/array/VersaCore_fullCutFullBandwidth_1/wrap_reg_rep__2_n_0                                       |   1888 | FDCE        |
| hemaia_system_i/occamy_chip/inst/i_occamy/i_occamy_soc/i_occamy_quad/i_occamy_cluster_2/i_snax_core_0_acc_0_snax_dual_versacore_swiglu/i_snax_dual_versacore_swiglu_shell_wrapper/inst_VersaCore_0/array/VersaCore_fullCutFullBandwidth_1/wrap_reg_rep__0_n_0                                       |   1888 | FDCE        |
| hemaia_system_i/occamy_chip/inst/i_occamy/i_occamy_soc/i_occamy_quad/i_occamy_cluster_2/i_snax_core_0_acc_0_snax_dual_versacore_swiglu/i_snax_dual_versacore_swiglu_shell_wrapper/inst_VersaCore_0/array/VersaCore_fullCutFullBandwidth_1/wrap_reg_rep__1_n_0                                       |   1888 | FDCE        |
| hemaia_system_i/occamy_chip/inst/i_occamy/i_occamy_soc/i_occamy_quad/i_occamy_cluster_2/i_snax_core_0_acc_0_snax_dual_versacore_swiglu/i_snax_dual_versacore_swiglu_shell_wrapper/inst_VersaCore_0/array/VersaCore_fullCutFullBandwidth_1/wrap_reg_rep__2_n_0                                       |   1888 | FDCE        |
| hemaia_system_i/occamy_chip/inst/i_occamy/i_occamy_soc/i_occamy_quad/i_occamy_cluster_3/i_snax_core_0_acc_0_snax_dual_versacore_swiglu/i_snax_dual_versacore_swiglu_shell_wrapper/inst_VersaCore_0/array/VersaCore_fullCutFullBandwidth_1/wrap_reg_rep__0_n_0                                       |   1888 | FDCE        |
| hemaia_system_i/occamy_chip/inst/i_occamy/i_occamy_soc/i_occamy_quad/i_occamy_cluster_3/i_snax_core_0_acc_0_snax_dual_versacore_swiglu/i_snax_dual_versacore_swiglu_shell_wrapper/inst_VersaCore_0/array/VersaCore_fullCutFullBandwidth_1/wrap_reg_rep__1_n_0                                       |   1888 | FDCE        |
| hemaia_system_i/occamy_chip/inst/i_occamy/i_occamy_soc/i_occamy_quad/i_occamy_cluster_3/i_snax_core_0_acc_0_snax_dual_versacore_swiglu/i_snax_dual_versacore_swiglu_shell_wrapper/inst_VersaCore_0/array/VersaCore_fullCutFullBandwidth_1/wrap_reg_rep__2_n_0                                       |   1888 | FDCE        |
| hemaia_system_i/occamy_chip/inst/i_occamy/i_occamy_soc/i_occamy_quad/i_occamy_cluster_0/i_snax_core_0_acc_0_snax_dual_versacore_swiglu/i_snax_dual_versacore_swiglu_shell_wrapper/inst_VersaCore_0/array/VersaCore_fullCutFullBandwidth_1/wrap_reg_rep__3_n_0                                       |   1862 | FDCE        |
| hemaia_system_i/occamy_chip/inst/i_occamy/i_occamy_soc/i_occamy_quad/i_occamy_cluster_0/i_snax_core_0_acc_0_snax_dual_versacore_swiglu/i_snax_dual_versacore_swiglu_shell_wrapper/inst_VersaCore_1/array/VersaCore_fullCutFullBandwidth_1/wrap_reg_rep__3_n_0                                       |   1862 | FDCE        |
| hemaia_system_i/occamy_chip/inst/i_occamy/i_occamy_soc/i_occamy_quad/i_occamy_cluster_1/i_snax_core_0_acc_0_snax_dual_versacore_swiglu/i_snax_dual_versacore_swiglu_shell_wrapper/inst_VersaCore_0/array/VersaCore_fullCutFullBandwidth_1/wrap_reg_rep__3_n_0                                       |   1862 | FDCE        |
| hemaia_system_i/occamy_chip/inst/i_occamy/i_occamy_soc/i_occamy_quad/i_occamy_cluster_2/i_snax_core_0_acc_0_snax_dual_versacore_swiglu/i_snax_dual_versacore_swiglu_shell_wrapper/inst_VersaCore_0/array/VersaCore_fullCutFullBandwidth_1/wrap_reg_rep__3_n_0                                       |   1862 | FDCE        |
| hemaia_system_i/occamy_chip/inst/i_occamy/i_occamy_soc/i_occamy_quad/i_occamy_cluster_3/i_snax_core_0_acc_0_snax_dual_versacore_swiglu/i_snax_dual_versacore_swiglu_shell_wrapper/inst_VersaCore_0/array/VersaCore_fullCutFullBandwidth_1/wrap_reg_rep__3_n_0                                       |   1862 | FDCE        |
| hemaia_system_i/occamy_chip/inst/i_occamy/i_occamy_soc/i_occamy_quad/i_occamy_cluster_0/i_snax_core_0_acc_0_snax_dual_versacore_swiglu/i_snax_dual_versacore_swiglu_shell_wrapper/inst_VersaCore_0/array/VersaCore_fullCutFullBandwidth_1/wrap_reg_rep_n_0                                          |   1798 | FDCE        |
| hemaia_system_i/occamy_chip/inst/i_occamy/i_occamy_soc/i_occamy_quad/i_occamy_cluster_0/i_snax_core_0_acc_0_snax_dual_versacore_swiglu/i_snax_dual_versacore_swiglu_shell_wrapper/inst_VersaCore_1/array/VersaCore_fullCutFullBandwidth_1/wrap_reg_rep_n_0                                          |   1798 | FDCE        |
| hemaia_system_i/occamy_chip/inst/i_occamy/i_occamy_soc/i_occamy_quad/i_occamy_cluster_2/i_snax_core_0_acc_0_snax_dual_versacore_swiglu/i_snax_dual_versacore_swiglu_shell_wrapper/inst_VersaCore_0/array/VersaCore_fullCutFullBandwidth_1/wrap_reg_rep_n_0                                          |   1798 | FDCE        |
| hemaia_system_i/occamy_chip/inst/i_occamy/i_occamy_soc/i_occamy_quad/i_occamy_cluster_3/i_snax_core_0_acc_0_snax_dual_versacore_swiglu/i_snax_dual_versacore_swiglu_shell_wrapper/inst_VersaCore_0/array/VersaCore_fullCutFullBandwidth_1/wrap_reg_rep_n_0                                          |   1798 | FDCE        |
| hemaia_system_i/occamy_chip/inst/i_occamy/i_occamy_soc/i_occamy_quad/i_occamy_cluster_1/i_snax_core_0_acc_0_snax_dual_versacore_swiglu/i_snax_dual_versacore_swiglu_shell_wrapper/inst_VersaCore_0/array/VersaCore_fullCutFullBandwidth_1/wrap_reg_rep_n_0                                          |   1793 | FDCE        |
| proc_sys_reset/U0/peripheral_aresetn[0]                                                                                                                                                                                                                                                             |   1676 | FDRE        |
| hemaia_system_i/occamy_chip/inst/i_occamy/i_occamy_soc/i_occamy_quad/i_occamy_cluster_0/i_cluster/i_axi_dma_xbar/gen_mst_port_mux[0].i_axi_mux/gen_mux.i_r_spill_reg/spill_register_flushable_i/gen_spill_reg.b_full_q                                                                              |   1486 | FDCE        |
| hemaia_system_i/occamy_chip/inst/i_occamy/i_occamy_soc/i_occamy_quad/i_occamy_cluster_1/i_cluster/i_axi_dma_xbar/gen_mst_port_mux[0].i_axi_mux/gen_mux.i_r_spill_reg/spill_register_flushable_i/gen_spill_reg.b_full_q                                                                              |   1486 | FDCE        |
| hemaia_system_i/occamy_chip/inst/i_occamy/i_occamy_soc/i_occamy_quad/i_occamy_cluster_2/i_cluster/i_axi_dma_xbar/gen_mst_port_mux[0].i_axi_mux/gen_mux.i_r_spill_reg/spill_register_flushable_i/gen_spill_reg.b_full_q                                                                              |   1486 | FDCE        |
| hemaia_system_i/occamy_chip/inst/i_occamy/i_occamy_soc/i_occamy_quad/i_occamy_cluster_3/i_cluster/i_axi_dma_xbar/gen_mst_port_mux[0].i_axi_mux/gen_mux.i_r_spill_reg/spill_register_flushable_i/gen_spill_reg.b_full_q                                                                              |   1486 | FDCE        |
| hemaia_system_i/occamy_chip/inst/i_hemaia_mem_system/i_axi_to_mem_hemaia/i_axi_to_mem_read/i_axi_to_detailed_mem/i_mem_to_banks/gen_reqs[0].i_ft_reg/fifo_i/status_cnt_q_reg[1]_1                                                                                                                   |   1485 | LUT4        |
| hemaia_system_i/occamy_chip/inst/i_occamy/i_occamy_soc/i_occamy_quad/i_occamy_cluster_0/i_cluster/gen_core[0].i_snitch_cc/i_spill_register_acc_demux_req/value[22]_i_3__40_0[0]                                                                                                                     |   1422 | LUT3        |
| hemaia_system_i/occamy_chip/inst/i_occamy/i_occamy_soc/i_occamy_quad/i_occamy_cluster_1/i_cluster/gen_core[0].i_snitch_cc/i_spill_register_acc_demux_req/value[22]_i_3__3_0[0]                                                                                                                      |   1422 | LUT3        |
| hemaia_system_i/occamy_chip/inst/i_occamy/i_occamy_soc/i_occamy_quad/i_occamy_cluster_2/i_cluster/gen_core[0].i_snitch_cc/i_spill_register_acc_demux_req/value[22]_i_3__16_0[0]                                                                                                                     |   1422 | LUT3        |
| hemaia_system_i/occamy_chip/inst/i_occamy/i_occamy_soc/i_occamy_quad/i_occamy_cluster_3/i_cluster/gen_core[0].i_snitch_cc/i_spill_register_acc_demux_req/value[22]_i_3__28_0[0]                                                                                                                     |   1422 | LUT3        |
| hemaia_system_i/occamy_chip/inst/i_occamy/i_occamy_soc/i_occamy_quad/i_occamy_cluster_0/i_snax_core_1_xdma/i_snax_dual_versacore_int16x4_4lane_postproc_v2_cluster_xdma/xdmaCtrl/dstCfgRouter/snax_dual_versacore_int16x4_4lane_postproc_v2_cluster_xdma_fullCutFullBandwidth/dataTransmitted_0_reg |   1176 | LUT3        |
| hemaia_system_i/occamy_chip/inst/i_occamy/i_occamy_soc/i_occamy_quad/i_occamy_cluster_2/i_snax_core_1_xdma/i_snax_dual_versacore_int16x4_4lane_postproc_v2_cluster_xdma/xdmaCtrl/dstCfgRouter/snax_dual_versacore_int16x4_4lane_postproc_v2_cluster_xdma_fullCutFullBandwidth/dataTransmitted_0_reg |   1176 | LUT3        |
| hemaia_system_i/occamy_chip/inst/i_occamy/i_occamy_soc/i_soc_wide_narrow_dw/gen_dw_downsize.i_axi_dw_downsizer/gen_read_downsizer[7].r_req_q_reg[ar][addr][4]_rep__2_n_0                                                                                                                            |   1174 | FDCE        |
| hemaia_system_i/occamy_chip/inst/i_occamy/i_occamy_soc/i_occamy_quad/i_occamy_cluster_0/i_snax_core_1_xdma/i_snax_dual_versacore_int16x4_4lane_postproc_v2_cluster_xdma/i___944_n_0                                                                                                                 |   1157 | LUT6        |
| hemaia_system_i/occamy_chip/inst/i_occamy/i_occamy_soc/i_occamy_quad/i_occamy_cluster_0/i_snax_core_1_xdma/i_snax_dual_versacore_int16x4_4lane_postproc_v2_cluster_xdma/i___946_n_0                                                                                                                 |   1157 | LUT6        |
| hemaia_system_i/occamy_chip/inst/i_occamy/i_occamy_soc/i_occamy_quad/i_occamy_cluster_1/i_snax_core_1_xdma/i_snax_dual_versacore_int16x4_4lane_postproc_v2_cluster_xdma/i___944_n_0                                                                                                                 |   1157 | LUT6        |
| hemaia_system_i/occamy_chip/inst/i_occamy/i_occamy_soc/i_occamy_quad/i_occamy_cluster_1/i_snax_core_1_xdma/i_snax_dual_versacore_int16x4_4lane_postproc_v2_cluster_xdma/i___946_n_0                                                                                                                 |   1157 | LUT6        |
| hemaia_system_i/occamy_chip/inst/i_occamy/i_occamy_soc/i_occamy_quad/i_occamy_cluster_2/i_snax_core_1_xdma/i_snax_dual_versacore_int16x4_4lane_postproc_v2_cluster_xdma/i___944_n_0                                                                                                                 |   1157 | LUT6        |
| hemaia_system_i/occamy_chip/inst/i_occamy/i_occamy_soc/i_occamy_quad/i_occamy_cluster_2/i_snax_core_1_xdma/i_snax_dual_versacore_int16x4_4lane_postproc_v2_cluster_xdma/i___946_n_0                                                                                                                 |   1157 | LUT6        |
| hemaia_system_i/occamy_chip/inst/i_occamy/i_occamy_soc/i_occamy_quad/i_occamy_cluster_3/i_snax_core_1_xdma/i_snax_dual_versacore_int16x4_4lane_postproc_v2_cluster_xdma/i___944_n_0                                                                                                                 |   1157 | LUT6        |
| hemaia_system_i/occamy_chip/inst/i_occamy/i_occamy_soc/i_occamy_quad/i_occamy_cluster_3/i_snax_core_1_xdma/i_snax_dual_versacore_int16x4_4lane_postproc_v2_cluster_xdma/i___946_n_0                                                                                                                 |   1157 | LUT6        |
| hemaia_system_i/occamy_chip/inst/i_occamy/i_occamy_soc/i_occamy_cva6_ara/i_ara/gen_lanes[0].i_lane/i_vfus/i_valu/result_queue_q[0][wdata][63]_i_21_n_0                                                                                                                                              |   1150 | LUT4        |
| hemaia_system_i/occamy_chip/inst/i_occamy/i_occamy_soc/i_soc_wide_narrow_dw/gen_dw_downsize.i_axi_dw_downsizer/gen_read_downsizer[7].r_req_q_reg[ar][addr][5]_rep__2_n_0                                                                                                                            |   1132 | FDCE        |
| hemaia_system_i/occamy_chip/inst/i_occamy/i_occamy_soc/i_narrow_in/gen_axi_cut.gen_axi_cuts[2].i_cut/i_reg_aw/spill_register_flushable_i/gen_spill_reg.b_full_q_reg_0                                                                                                                               |   1055 | FDCE        |
| hemaia_system_i/occamy_chip/inst/i_occamy/i_occamy_soc/i_narrow_in/gen_axi_cut.gen_axi_cuts[2].i_cut/i_reg_ar/spill_register_flushable_i/gen_spill_reg.b_full_q_reg_0                                                                                                                               |   1049 | FDCE        |
| hemaia_system_i/occamy_chip/inst/i_occamy/i_occamy_soc/i_wide_out_cut/gen_axi_cut.gen_axi_cuts[2].i_cut/i_reg_aw/spill_register_flushable_i/gen_spill_reg.b_full_q_reg_0                                                                                                                            |   1033 | FDCE        |
| hemaia_system_i/occamy_chip/inst/i_occamy/i_occamy_soc/i_occamy_quad/i_occamy_cluster_0/i_cluster/gen_yes_snax_tcdm_interconnect.gen_sparse_interconnect.i_tcdm_interconnect/sparse_interconnect_i/prevBankRequest_29_reg[5]_0[0]                                                                   |   1032 | FDRE        |
| hemaia_system_i/occamy_chip/inst/i_occamy/i_occamy_soc/i_occamy_quad/i_occamy_cluster_0/i_cluster/gen_yes_snax_tcdm_interconnect.gen_sparse_interconnect.i_tcdm_interconnect/sparse_interconnect_i/prevBankRequest_30_reg[5]_0[0]                                                                   |   1032 | FDRE        |
| hemaia_system_i/occamy_chip/inst/i_occamy/i_occamy_soc/i_occamy_quad/i_occamy_cluster_0/i_cluster/gen_yes_snax_tcdm_interconnect.gen_sparse_interconnect.i_tcdm_interconnect/sparse_interconnect_i/prevBankRequest_31_reg[5]_0[0]                                                                   |   1032 | FDRE        |
| hemaia_system_i/occamy_chip/inst/i_occamy/i_occamy_soc/i_occamy_quad/i_occamy_cluster_1/i_cluster/gen_yes_snax_tcdm_interconnect.gen_sparse_interconnect.i_tcdm_interconnect/sparse_interconnect_i/prevBankRequest_29_reg[5]_0[0]                                                                   |   1032 | FDRE        |
| hemaia_system_i/occamy_chip/inst/i_occamy/i_occamy_soc/i_occamy_quad/i_occamy_cluster_1/i_cluster/gen_yes_snax_tcdm_interconnect.gen_sparse_interconnect.i_tcdm_interconnect/sparse_interconnect_i/prevBankRequest_30_reg[5]_0[0]                                                                   |   1032 | FDRE        |
| hemaia_system_i/occamy_chip/inst/i_occamy/i_occamy_soc/i_occamy_quad/i_occamy_cluster_1/i_cluster/gen_yes_snax_tcdm_interconnect.gen_sparse_interconnect.i_tcdm_interconnect/sparse_interconnect_i/prevBankRequest_31_reg[5]_0[0]                                                                   |   1032 | FDRE        |
| hemaia_system_i/occamy_chip/inst/i_occamy/i_occamy_soc/i_occamy_quad/i_occamy_cluster_2/i_cluster/gen_yes_snax_tcdm_interconnect.gen_sparse_interconnect.i_tcdm_interconnect/sparse_interconnect_i/prevBankRequest_29_reg[5]_0[0]                                                                   |   1032 | FDRE        |
| hemaia_system_i/occamy_chip/inst/i_occamy/i_occamy_soc/i_occamy_quad/i_occamy_cluster_2/i_cluster/gen_yes_snax_tcdm_interconnect.gen_sparse_interconnect.i_tcdm_interconnect/sparse_interconnect_i/prevBankRequest_30_reg[5]_0[0]                                                                   |   1032 | FDRE        |
| hemaia_system_i/occamy_chip/inst/i_occamy/i_occamy_soc/i_occamy_quad/i_occamy_cluster_2/i_cluster/gen_yes_snax_tcdm_interconnect.gen_sparse_interconnect.i_tcdm_interconnect/sparse_interconnect_i/prevBankRequest_31_reg[5]_0[0]                                                                   |   1032 | FDRE        |
| hemaia_system_i/occamy_chip/inst/i_occamy/i_occamy_soc/i_occamy_quad/i_occamy_cluster_3/i_cluster/gen_yes_snax_tcdm_interconnect.gen_sparse_interconnect.i_tcdm_interconnect/sparse_interconnect_i/prevBankRequest_29_reg[5]_0[0]                                                                   |   1032 | FDRE        |
| hemaia_system_i/occamy_chip/inst/i_occamy/i_occamy_soc/i_occamy_quad/i_occamy_cluster_3/i_cluster/gen_yes_snax_tcdm_interconnect.gen_sparse_interconnect.i_tcdm_interconnect/sparse_interconnect_i/prevBankRequest_30_reg[5]_0[0]                                                                   |   1032 | FDRE        |
| hemaia_system_i/occamy_chip/inst/i_occamy/i_occamy_soc/i_occamy_quad/i_occamy_cluster_3/i_cluster/gen_yes_snax_tcdm_interconnect.gen_sparse_interconnect.i_tcdm_interconnect/sparse_interconnect_i/prevBankRequest_31_reg[5]_0[0]                                                                   |   1032 | FDRE        |
| hemaia_system_i/occamy_chip/inst/i_hemaia_mem_system/i_axi_to_mem_hemaia/genblk1[0].i_fifo_v3_response_trgt_store/r_mem_rvalid[0]                                                                                                                                                                   |   1031 | LUT6        |
| hemaia_system_i/occamy_chip/inst/i_hemaia_mem_system/i_axi_to_mem_hemaia/genblk1[0].i_fifo_v3_response_trgt_store/w_mem_rvalid[0]                                                                                                                                                                   |   1031 | LUT6        |
| hemaia_system_i/occamy_chip/inst/i_occamy/i_occamy_soc/i_occamy_quad/i_occamy_cluster_0/i_cluster/i_axi_to_mem_dma/genblk1[0].i_fifo_v3_response_trgt_store/r_mem_rvalid[0]                                                                                                                         |   1031 | LUT6        |
| hemaia_system_i/occamy_chip/inst/i_occamy/i_occamy_soc/i_occamy_quad/i_occamy_cluster_0/i_cluster/i_axi_to_mem_dma/genblk1[0].i_fifo_v3_response_trgt_store/w_mem_rvalid[0]                                                                                                                         |   1031 | LUT6        |
| hemaia_system_i/occamy_chip/inst/i_occamy/i_occamy_soc/i_occamy_quad/i_occamy_cluster_1/i_cluster/i_axi_to_mem_dma/genblk1[0].i_fifo_v3_response_trgt_store/r_mem_rvalid[0]                                                                                                                         |   1031 | LUT6        |
| hemaia_system_i/occamy_chip/inst/i_occamy/i_occamy_soc/i_occamy_quad/i_occamy_cluster_1/i_cluster/i_axi_to_mem_dma/genblk1[0].i_fifo_v3_response_trgt_store/w_mem_rvalid[0]                                                                                                                         |   1031 | LUT6        |
| hemaia_system_i/occamy_chip/inst/i_occamy/i_occamy_soc/i_occamy_quad/i_occamy_cluster_2/i_cluster/i_axi_to_mem_dma/genblk1[0].i_fifo_v3_response_trgt_store/r_mem_rvalid[0]                                                                                                                         |   1031 | LUT6        |
| hemaia_system_i/occamy_chip/inst/i_occamy/i_occamy_soc/i_occamy_quad/i_occamy_cluster_2/i_cluster/i_axi_to_mem_dma/genblk1[0].i_fifo_v3_response_trgt_store/w_mem_rvalid[0]                                                                                                                         |   1031 | LUT6        |
| hemaia_system_i/occamy_chip/inst/i_occamy/i_occamy_soc/i_occamy_quad/i_occamy_cluster_3/i_cluster/i_axi_to_mem_dma/genblk1[0].i_fifo_v3_response_trgt_store/r_mem_rvalid[0]                                                                                                                         |   1031 | LUT6        |
| hemaia_system_i/occamy_chip/inst/i_occamy/i_occamy_soc/i_occamy_quad/i_occamy_cluster_3/i_cluster/i_axi_to_mem_dma/genblk1[0].i_fifo_v3_response_trgt_store/w_mem_rvalid[0]                                                                                                                         |   1031 | LUT6        |
| hemaia_system_i/occamy_chip/inst/i_occamy/i_occamy_soc/i_occamy_quad/i_occamy_cluster_0/i_cluster/gen_yes_snax_tcdm_interconnect.gen_sparse_interconnect.i_tcdm_interconnect/sparse_interconnect_i/prevBankRequest_27_reg[5]_1[1]                                                                   |   1029 | FDRE        |
| hemaia_system_i/occamy_chip/inst/i_occamy/i_occamy_soc/i_occamy_quad/i_occamy_cluster_0/i_cluster/gen_yes_snax_tcdm_interconnect.gen_sparse_interconnect.i_tcdm_interconnect/sparse_interconnect_i/prevBankRequest_29_reg[5]_0[1]                                                                   |   1029 | FDRE        |
| hemaia_system_i/occamy_chip/inst/i_occamy/i_occamy_soc/i_occamy_quad/i_occamy_cluster_0/i_cluster/gen_yes_snax_tcdm_interconnect.gen_sparse_interconnect.i_tcdm_interconnect/sparse_interconnect_i/prevBankRequest_30_reg[5]_0[1]                                                                   |   1029 | FDRE        |
| hemaia_system_i/occamy_chip/inst/i_occamy/i_occamy_soc/i_occamy_quad/i_occamy_cluster_0/i_cluster/gen_yes_snax_tcdm_interconnect.gen_sparse_interconnect.i_tcdm_interconnect/sparse_interconnect_i/prevBankRequest_31_reg[5]_0[1]                                                                   |   1029 | FDRE        |
| hemaia_system_i/occamy_chip/inst/i_occamy/i_occamy_soc/i_occamy_quad/i_occamy_cluster_1/i_cluster/gen_yes_snax_tcdm_interconnect.gen_sparse_interconnect.i_tcdm_interconnect/sparse_interconnect_i/prevBankRequest_27_reg[5]_1[1]                                                                   |   1029 | FDRE        |
| hemaia_system_i/occamy_chip/inst/i_occamy/i_occamy_soc/i_occamy_quad/i_occamy_cluster_1/i_cluster/gen_yes_snax_tcdm_interconnect.gen_sparse_interconnect.i_tcdm_interconnect/sparse_interconnect_i/prevBankRequest_29_reg[5]_0[1]                                                                   |   1029 | FDRE        |
| hemaia_system_i/occamy_chip/inst/i_occamy/i_occamy_soc/i_occamy_quad/i_occamy_cluster_1/i_cluster/gen_yes_snax_tcdm_interconnect.gen_sparse_interconnect.i_tcdm_interconnect/sparse_interconnect_i/prevBankRequest_30_reg[5]_0[1]                                                                   |   1029 | FDRE        |
| hemaia_system_i/occamy_chip/inst/i_occamy/i_occamy_soc/i_occamy_quad/i_occamy_cluster_1/i_cluster/gen_yes_snax_tcdm_interconnect.gen_sparse_interconnect.i_tcdm_interconnect/sparse_interconnect_i/prevBankRequest_31_reg[5]_0[1]                                                                   |   1029 | FDRE        |
| hemaia_system_i/occamy_chip/inst/i_occamy/i_occamy_soc/i_occamy_quad/i_occamy_cluster_2/i_cluster/gen_yes_snax_tcdm_interconnect.gen_sparse_interconnect.i_tcdm_interconnect/sparse_interconnect_i/prevBankRequest_27_reg[5]_1[1]                                                                   |   1029 | FDRE        |
| hemaia_system_i/occamy_chip/inst/i_occamy/i_occamy_soc/i_occamy_quad/i_occamy_cluster_2/i_cluster/gen_yes_snax_tcdm_interconnect.gen_sparse_interconnect.i_tcdm_interconnect/sparse_interconnect_i/prevBankRequest_29_reg[5]_0[1]                                                                   |   1029 | FDRE        |
| hemaia_system_i/occamy_chip/inst/i_occamy/i_occamy_soc/i_occamy_quad/i_occamy_cluster_2/i_cluster/gen_yes_snax_tcdm_interconnect.gen_sparse_interconnect.i_tcdm_interconnect/sparse_interconnect_i/prevBankRequest_30_reg[5]_0[1]                                                                   |   1029 | FDRE        |
| hemaia_system_i/occamy_chip/inst/i_occamy/i_occamy_soc/i_occamy_quad/i_occamy_cluster_2/i_cluster/gen_yes_snax_tcdm_interconnect.gen_sparse_interconnect.i_tcdm_interconnect/sparse_interconnect_i/prevBankRequest_31_reg[5]_0[1]                                                                   |   1029 | FDRE        |
| hemaia_system_i/occamy_chip/inst/i_occamy/i_occamy_soc/i_occamy_quad/i_occamy_cluster_3/i_cluster/gen_yes_snax_tcdm_interconnect.gen_sparse_interconnect.i_tcdm_interconnect/sparse_interconnect_i/prevBankRequest_27_reg[5]_1[1]                                                                   |   1029 | FDRE        |
| hemaia_system_i/occamy_chip/inst/i_occamy/i_occamy_soc/i_occamy_quad/i_occamy_cluster_3/i_cluster/gen_yes_snax_tcdm_interconnect.gen_sparse_interconnect.i_tcdm_interconnect/sparse_interconnect_i/prevBankRequest_29_reg[5]_0[1]                                                                   |   1029 | FDRE        |
| hemaia_system_i/occamy_chip/inst/i_occamy/i_occamy_soc/i_occamy_quad/i_occamy_cluster_3/i_cluster/gen_yes_snax_tcdm_interconnect.gen_sparse_interconnect.i_tcdm_interconnect/sparse_interconnect_i/prevBankRequest_30_reg[5]_0[1]                                                                   |   1029 | FDRE        |
| hemaia_system_i/occamy_chip/inst/i_occamy/i_occamy_soc/i_occamy_quad/i_occamy_cluster_3/i_cluster/gen_yes_snax_tcdm_interconnect.gen_sparse_interconnect.i_tcdm_interconnect/sparse_interconnect_i/prevBankRequest_31_reg[5]_0[1]                                                                   |   1029 | FDRE        |
| hemaia_system_i/occamy_chip/inst/i_occamy/i_occamy_soc/i_occamy_quad/i_occamy_cluster_0/i_cluster/gen_yes_snax_tcdm_interconnect.gen_sparse_interconnect.i_tcdm_interconnect/sparse_interconnect_i/prevBankRequest_24_reg[5]_0[0]                                                                   |   1028 | FDRE        |
| hemaia_system_i/occamy_chip/inst/i_occamy/i_occamy_soc/i_occamy_quad/i_occamy_cluster_0/i_cluster/gen_yes_snax_tcdm_interconnect.gen_sparse_interconnect.i_tcdm_interconnect/sparse_interconnect_i/prevBankRequest_27_reg[5]_1[0]                                                                   |   1028 | FDRE        |
| hemaia_system_i/occamy_chip/inst/i_occamy/i_occamy_soc/i_occamy_quad/i_occamy_cluster_0/i_cluster/gen_yes_snax_tcdm_interconnect.gen_sparse_interconnect.i_tcdm_interconnect/sparse_interconnect_i/prevBankRequest_28_reg[5]_0[0]                                                                   |   1028 | FDRE        |
| hemaia_system_i/occamy_chip/inst/i_occamy/i_occamy_soc/i_occamy_quad/i_occamy_cluster_1/i_cluster/gen_yes_snax_tcdm_interconnect.gen_sparse_interconnect.i_tcdm_interconnect/sparse_interconnect_i/prevBankRequest_24_reg[5]_0[0]                                                                   |   1028 | FDRE        |
| hemaia_system_i/occamy_chip/inst/i_occamy/i_occamy_soc/i_occamy_quad/i_occamy_cluster_1/i_cluster/gen_yes_snax_tcdm_interconnect.gen_sparse_interconnect.i_tcdm_interconnect/sparse_interconnect_i/prevBankRequest_27_reg[5]_1[0]                                                                   |   1028 | FDRE        |
| hemaia_system_i/occamy_chip/inst/i_occamy/i_occamy_soc/i_occamy_quad/i_occamy_cluster_1/i_cluster/gen_yes_snax_tcdm_interconnect.gen_sparse_interconnect.i_tcdm_interconnect/sparse_interconnect_i/prevBankRequest_28_reg[5]_0[0]                                                                   |   1028 | FDRE        |
| hemaia_system_i/occamy_chip/inst/i_occamy/i_occamy_soc/i_occamy_quad/i_occamy_cluster_2/i_cluster/gen_yes_snax_tcdm_interconnect.gen_sparse_interconnect.i_tcdm_interconnect/sparse_interconnect_i/prevBankRequest_24_reg[5]_0[0]                                                                   |   1028 | FDRE        |
| hemaia_system_i/occamy_chip/inst/i_occamy/i_occamy_soc/i_occamy_quad/i_occamy_cluster_2/i_cluster/gen_yes_snax_tcdm_interconnect.gen_sparse_interconnect.i_tcdm_interconnect/sparse_interconnect_i/prevBankRequest_27_reg[5]_1[0]                                                                   |   1028 | FDRE        |
| hemaia_system_i/occamy_chip/inst/i_occamy/i_occamy_soc/i_occamy_quad/i_occamy_cluster_2/i_cluster/gen_yes_snax_tcdm_interconnect.gen_sparse_interconnect.i_tcdm_interconnect/sparse_interconnect_i/prevBankRequest_28_reg[5]_0[0]                                                                   |   1028 | FDRE        |
| hemaia_system_i/occamy_chip/inst/i_occamy/i_occamy_soc/i_occamy_quad/i_occamy_cluster_3/i_cluster/gen_yes_snax_tcdm_interconnect.gen_sparse_interconnect.i_tcdm_interconnect/sparse_interconnect_i/prevBankRequest_24_reg[5]_0[0]                                                                   |   1028 | FDRE        |
| hemaia_system_i/occamy_chip/inst/i_occamy/i_occamy_soc/i_occamy_quad/i_occamy_cluster_3/i_cluster/gen_yes_snax_tcdm_interconnect.gen_sparse_interconnect.i_tcdm_interconnect/sparse_interconnect_i/prevBankRequest_27_reg[5]_1[0]                                                                   |   1028 | FDRE        |
| hemaia_system_i/occamy_chip/inst/i_occamy/i_occamy_soc/i_occamy_quad/i_occamy_cluster_3/i_cluster/gen_yes_snax_tcdm_interconnect.gen_sparse_interconnect.i_tcdm_interconnect/sparse_interconnect_i/prevBankRequest_28_reg[5]_0[0]                                                                   |   1028 | FDRE        |
| hemaia_system_i/occamy_chip/inst/i_occamy/i_occamy_soc/i_occamy_quad/i_quad_wide_xbar/gen_slv_port_demux[0].i_axi_demux/i_demux_simple/i_r_mux/gen_arbiter.gen_int_rr.rr_q_reg[1]_0                                                                                                                 |   1028 | LUT5        |
| hemaia_system_i/occamy_chip/inst/i_occamy/i_occamy_soc/i_occamy_quad/i_quad_wide_xbar/gen_slv_port_demux[1].i_axi_demux/i_demux_simple/i_r_mux/gen_arbiter.gen_int_rr.rr_q_reg[1]_0                                                                                                                 |   1028 | LUT5        |
| hemaia_system_i/occamy_chip/inst/i_occamy/i_occamy_soc/i_occamy_quad/i_quad_wide_xbar/gen_slv_port_demux[2].i_axi_demux/i_demux_simple/i_r_mux/gen_arbiter.gen_int_rr.rr_q_reg[1]_0                                                                                                                 |   1028 | LUT5        |
| hemaia_system_i/occamy_chip/inst/i_occamy/i_occamy_soc/i_occamy_quad/i_quad_wide_xbar/gen_slv_port_demux[3].i_axi_demux/i_demux_simple/i_r_mux/gen_arbiter.gen_int_rr.rr_q_reg[1]_0                                                                                                                 |   1028 | LUT5        |
| hemaia_system_i/occamy_chip/inst/i_occamy/i_occamy_soc/i_occamy_quad/i_occamy_cluster_0/i_cluster/gen_yes_snax_tcdm_interconnect.gen_sparse_interconnect.i_tcdm_interconnect/sparse_interconnect_i/prevBankRequest_24_reg[5]_0[1]                                                                   |   1027 | FDRE        |
| hemaia_system_i/occamy_chip/inst/i_occamy/i_occamy_soc/i_occamy_quad/i_occamy_cluster_0/i_cluster/gen_yes_snax_tcdm_interconnect.gen_sparse_interconnect.i_tcdm_interconnect/sparse_interconnect_i/prevBankRequest_28_reg[5]_0[1]                                                                   |   1027 | FDRE        |
| hemaia_system_i/occamy_chip/inst/i_occamy/i_occamy_soc/i_occamy_quad/i_occamy_cluster_1/i_cluster/gen_yes_snax_tcdm_interconnect.gen_sparse_interconnect.i_tcdm_interconnect/sparse_interconnect_i/prevBankRequest_24_reg[5]_0[1]                                                                   |   1027 | FDRE        |
| hemaia_system_i/occamy_chip/inst/i_occamy/i_occamy_soc/i_occamy_quad/i_occamy_cluster_1/i_cluster/gen_yes_snax_tcdm_interconnect.gen_sparse_interconnect.i_tcdm_interconnect/sparse_interconnect_i/prevBankRequest_28_reg[5]_0[1]                                                                   |   1027 | FDRE        |
| hemaia_system_i/occamy_chip/inst/i_occamy/i_occamy_soc/i_occamy_quad/i_occamy_cluster_2/i_cluster/gen_yes_snax_tcdm_interconnect.gen_sparse_interconnect.i_tcdm_interconnect/sparse_interconnect_i/prevBankRequest_24_reg[5]_0[1]                                                                   |   1027 | FDRE        |
| hemaia_system_i/occamy_chip/inst/i_occamy/i_occamy_soc/i_occamy_quad/i_occamy_cluster_2/i_cluster/gen_yes_snax_tcdm_interconnect.gen_sparse_interconnect.i_tcdm_interconnect/sparse_interconnect_i/prevBankRequest_28_reg[5]_0[1]                                                                   |   1027 | FDRE        |
| hemaia_system_i/occamy_chip/inst/i_occamy/i_occamy_soc/i_occamy_quad/i_occamy_cluster_3/i_cluster/gen_yes_snax_tcdm_interconnect.gen_sparse_interconnect.i_tcdm_interconnect/sparse_interconnect_i/prevBankRequest_24_reg[5]_0[1]                                                                   |   1027 | FDRE        |
| hemaia_system_i/occamy_chip/inst/i_occamy/i_occamy_soc/i_occamy_quad/i_occamy_cluster_3/i_cluster/gen_yes_snax_tcdm_interconnect.gen_sparse_interconnect.i_tcdm_interconnect/sparse_interconnect_i/prevBankRequest_28_reg[5]_0[1]                                                                   |   1027 | FDRE        |
| hemaia_system_i/occamy_chip/inst/i_occamy/i_occamy_soc/i_wide_out_cut/gen_axi_cut.gen_axi_cuts[2].i_cut/i_reg_ar/spill_register_flushable_i/gen_spill_reg.b_full_q_reg_0                                                                                                                            |   1027 | FDCE        |
| hemaia_system_i/occamy_chip/inst/i_occamy/i_occamy_soc/i_occamy_quad/i_occamy_cluster_0/i_cluster/gen_yes_snax_tcdm_interconnect.gen_sparse_interconnect.i_tcdm_interconnect/sparse_interconnect_i/prevBankRequest_34_reg[5]_0[0]                                                                   |   1026 | FDRE        |
| hemaia_system_i/occamy_chip/inst/i_occamy/i_occamy_soc/i_occamy_quad/i_occamy_cluster_0/i_cluster/gen_yes_snax_tcdm_interconnect.gen_sparse_interconnect.i_tcdm_interconnect/sparse_interconnect_i/prevBankRequest_34_reg[5]_0[1]                                                                   |   1026 | FDRE        |
| hemaia_system_i/occamy_chip/inst/i_occamy/i_occamy_soc/i_occamy_quad/i_occamy_cluster_1/i_cluster/gen_yes_snax_tcdm_interconnect.gen_sparse_interconnect.i_tcdm_interconnect/sparse_interconnect_i/prevBankRequest_34_reg[5]_0[0]                                                                   |   1026 | FDRE        |
| hemaia_system_i/occamy_chip/inst/i_occamy/i_occamy_soc/i_occamy_quad/i_occamy_cluster_1/i_cluster/gen_yes_snax_tcdm_interconnect.gen_sparse_interconnect.i_tcdm_interconnect/sparse_interconnect_i/prevBankRequest_34_reg[5]_0[1]                                                                   |   1026 | FDRE        |
| hemaia_system_i/occamy_chip/inst/i_occamy/i_occamy_soc/i_occamy_quad/i_occamy_cluster_2/i_cluster/gen_yes_snax_tcdm_interconnect.gen_sparse_interconnect.i_tcdm_interconnect/sparse_interconnect_i/prevBankRequest_34_reg[5]_0[0]                                                                   |   1026 | FDRE        |
| hemaia_system_i/occamy_chip/inst/i_occamy/i_occamy_soc/i_occamy_quad/i_occamy_cluster_2/i_cluster/gen_yes_snax_tcdm_interconnect.gen_sparse_interconnect.i_tcdm_interconnect/sparse_interconnect_i/prevBankRequest_34_reg[5]_0[1]                                                                   |   1026 | FDRE        |
| hemaia_system_i/occamy_chip/inst/i_occamy/i_occamy_soc/i_occamy_quad/i_occamy_cluster_3/i_cluster/gen_yes_snax_tcdm_interconnect.gen_sparse_interconnect.i_tcdm_interconnect/sparse_interconnect_i/prevBankRequest_34_reg[5]_0[0]                                                                   |   1026 | FDRE        |
| hemaia_system_i/occamy_chip/inst/i_occamy/i_occamy_soc/i_occamy_quad/i_occamy_cluster_3/i_cluster/gen_yes_snax_tcdm_interconnect.gen_sparse_interconnect.i_tcdm_interconnect/sparse_interconnect_i/prevBankRequest_34_reg[5]_0[1]                                                                   |   1026 | FDRE        |
| hemaia_system_i/occamy_chip/inst/i_occamy/i_occamy_soc/i_occamy_quad/i_occamy_cluster_0/i_cluster/i_dma_interconnect/gen_rsp_mux[0].i_shift_reg/i_shift_reg_gated/Q[0]                                                                                                                              |   1024 | FDCE        |
| hemaia_system_i/occamy_chip/inst/i_occamy/i_occamy_soc/i_occamy_quad/i_occamy_cluster_0/i_cluster/i_dma_interconnect/gen_rsp_mux[0].i_shift_reg/i_shift_reg_gated/Q[1]                                                                                                                              |   1024 | FDCE        |
| hemaia_system_i/occamy_chip/inst/i_occamy/i_occamy_soc/i_occamy_quad/i_occamy_cluster_0/i_snax_core_0_acc_0_snax_dual_versacore_swiglu/i_snax_dual_versacore_swiglu_streamer_wrapper/i_snax_dual_versacore_swiglu_streamer_top/reader_0/dataBuffer/queues_9/g_rst[1].g_delay.pipe_ff_reg[2][0]      |   1024 | LUT4        |
| hemaia_system_i/occamy_chip/inst/i_occamy/i_occamy_soc/i_occamy_quad/i_occamy_cluster_1/i_cluster/i_dma_interconnect/gen_rsp_mux[0].i_shift_reg/i_shift_reg_gated/Q[0]                                                                                                                              |   1024 | FDCE        |
| hemaia_system_i/occamy_chip/inst/i_occamy/i_occamy_soc/i_occamy_quad/i_occamy_cluster_1/i_cluster/i_dma_interconnect/gen_rsp_mux[0].i_shift_reg/i_shift_reg_gated/Q[1]                                                                                                                              |   1024 | FDCE        |
| hemaia_system_i/occamy_chip/inst/i_occamy/i_occamy_soc/i_occamy_quad/i_occamy_cluster_1/i_snax_core_0_acc_0_snax_dual_versacore_swiglu/i_snax_dual_versacore_swiglu_shell_wrapper/inst_VersaCore_1/array/VersaCore_fullCutFullBandwidth_1/wrap_reg_rep__0_n_0                                       |   1024 | FDCE        |
| hemaia_system_i/occamy_chip/inst/i_occamy/i_occamy_soc/i_occamy_quad/i_occamy_cluster_1/i_snax_core_0_acc_0_snax_dual_versacore_swiglu/i_snax_dual_versacore_swiglu_shell_wrapper/inst_VersaCore_1/array/VersaCore_fullCutFullBandwidth_1/wrap_reg_rep__1_n_0                                       |   1024 | FDCE        |
| hemaia_system_i/occamy_chip/inst/i_occamy/i_occamy_soc/i_occamy_quad/i_occamy_cluster_1/i_snax_core_0_acc_0_snax_dual_versacore_swiglu/i_snax_dual_versacore_swiglu_shell_wrapper/inst_VersaCore_1/array/VersaCore_fullCutFullBandwidth_1/wrap_reg_rep__2_n_0                                       |   1024 | FDCE        |
| hemaia_system_i/occamy_chip/inst/i_occamy/i_occamy_soc/i_occamy_quad/i_occamy_cluster_1/i_snax_core_0_acc_0_snax_dual_versacore_swiglu/i_snax_dual_versacore_swiglu_shell_wrapper/inst_VersaCore_1/array/VersaCore_fullCutFullBandwidth_1/wrap_reg_rep__3_n_0                                       |   1024 | FDCE        |
| hemaia_system_i/occamy_chip/inst/i_occamy/i_occamy_soc/i_occamy_quad/i_occamy_cluster_1/i_snax_core_0_acc_0_snax_dual_versacore_swiglu/i_snax_dual_versacore_swiglu_shell_wrapper/inst_VersaCore_1/array/VersaCore_fullCutFullBandwidth_1/wrap_reg_rep__4_n_0                                       |   1024 | FDCE        |
| hemaia_system_i/occamy_chip/inst/i_occamy/i_occamy_soc/i_occamy_quad/i_occamy_cluster_1/i_snax_core_0_acc_0_snax_dual_versacore_swiglu/i_snax_dual_versacore_swiglu_shell_wrapper/inst_VersaCore_1/array/VersaCore_fullCutFullBandwidth_1/wrap_reg_rep__5_n_0                                       |   1024 | FDCE        |
| hemaia_system_i/occamy_chip/inst/i_occamy/i_occamy_soc/i_occamy_quad/i_occamy_cluster_1/i_snax_core_0_acc_0_snax_dual_versacore_swiglu/i_snax_dual_versacore_swiglu_shell_wrapper/inst_VersaCore_1/array/VersaCore_fullCutFullBandwidth_1/wrap_reg_rep__6_n_0                                       |   1024 | FDCE        |
| hemaia_system_i/occamy_chip/inst/i_occamy/i_occamy_soc/i_occamy_quad/i_occamy_cluster_1/i_snax_core_0_acc_0_snax_dual_versacore_swiglu/i_snax_dual_versacore_swiglu_shell_wrapper/inst_VersaCore_1/array/VersaCore_fullCutFullBandwidth_1/wrap_reg_rep__7_n_0                                       |   1024 | FDCE        |
| hemaia_system_i/occamy_chip/inst/i_occamy/i_occamy_soc/i_occamy_quad/i_occamy_cluster_1/i_snax_core_0_acc_0_snax_dual_versacore_swiglu/i_snax_dual_versacore_swiglu_shell_wrapper/inst_VersaCore_1/array/VersaCore_fullCutFullBandwidth_1/wrap_reg_rep_n_0                                          |   1024 | FDCE        |
| hemaia_system_i/occamy_chip/inst/i_occamy/i_occamy_soc/i_occamy_quad/i_occamy_cluster_1/i_snax_core_0_acc_0_snax_dual_versacore_swiglu/i_snax_dual_versacore_swiglu_streamer_wrapper/i_snax_dual_versacore_swiglu_streamer_top/reader_0/dataBuffer/queues_9/g_rst[2].g_delay.pipe_ff_reg[2][0]      |   1024 | LUT4        |
| hemaia_system_i/occamy_chip/inst/i_occamy/i_occamy_soc/i_occamy_quad/i_occamy_cluster_2/i_cluster/i_dma_interconnect/gen_rsp_mux[0].i_shift_reg/i_shift_reg_gated/Q[0]                                                                                                                              |   1024 | FDCE        |
| hemaia_system_i/occamy_chip/inst/i_occamy/i_occamy_soc/i_occamy_quad/i_occamy_cluster_2/i_cluster/i_dma_interconnect/gen_rsp_mux[0].i_shift_reg/i_shift_reg_gated/Q[1]                                                                                                                              |   1024 | FDCE        |
| hemaia_system_i/occamy_chip/inst/i_occamy/i_occamy_soc/i_occamy_quad/i_occamy_cluster_2/i_snax_core_0_acc_0_snax_dual_versacore_swiglu/i_snax_dual_versacore_swiglu_shell_wrapper/inst_VersaCore_1/array/VersaCore_fullCutFullBandwidth_1/wrap_reg_rep__0_n_0                                       |   1024 | FDCE        |
| hemaia_system_i/occamy_chip/inst/i_occamy/i_occamy_soc/i_occamy_quad/i_occamy_cluster_2/i_snax_core_0_acc_0_snax_dual_versacore_swiglu/i_snax_dual_versacore_swiglu_shell_wrapper/inst_VersaCore_1/array/VersaCore_fullCutFullBandwidth_1/wrap_reg_rep__1_n_0                                       |   1024 | FDCE        |
| hemaia_system_i/occamy_chip/inst/i_occamy/i_occamy_soc/i_occamy_quad/i_occamy_cluster_2/i_snax_core_0_acc_0_snax_dual_versacore_swiglu/i_snax_dual_versacore_swiglu_shell_wrapper/inst_VersaCore_1/array/VersaCore_fullCutFullBandwidth_1/wrap_reg_rep__2_n_0                                       |   1024 | FDCE        |
| hemaia_system_i/occamy_chip/inst/i_occamy/i_occamy_soc/i_occamy_quad/i_occamy_cluster_2/i_snax_core_0_acc_0_snax_dual_versacore_swiglu/i_snax_dual_versacore_swiglu_shell_wrapper/inst_VersaCore_1/array/VersaCore_fullCutFullBandwidth_1/wrap_reg_rep__3_n_0                                       |   1024 | FDCE        |
| hemaia_system_i/occamy_chip/inst/i_occamy/i_occamy_soc/i_occamy_quad/i_occamy_cluster_2/i_snax_core_0_acc_0_snax_dual_versacore_swiglu/i_snax_dual_versacore_swiglu_shell_wrapper/inst_VersaCore_1/array/VersaCore_fullCutFullBandwidth_1/wrap_reg_rep__4_n_0                                       |   1024 | FDCE        |
| hemaia_system_i/occamy_chip/inst/i_occamy/i_occamy_soc/i_occamy_quad/i_occamy_cluster_2/i_snax_core_0_acc_0_snax_dual_versacore_swiglu/i_snax_dual_versacore_swiglu_shell_wrapper/inst_VersaCore_1/array/VersaCore_fullCutFullBandwidth_1/wrap_reg_rep__5_n_0                                       |   1024 | FDCE        |
| hemaia_system_i/occamy_chip/inst/i_occamy/i_occamy_soc/i_occamy_quad/i_occamy_cluster_2/i_snax_core_0_acc_0_snax_dual_versacore_swiglu/i_snax_dual_versacore_swiglu_shell_wrapper/inst_VersaCore_1/array/VersaCore_fullCutFullBandwidth_1/wrap_reg_rep__6_n_0                                       |   1024 | FDCE        |
| hemaia_system_i/occamy_chip/inst/i_occamy/i_occamy_soc/i_occamy_quad/i_occamy_cluster_2/i_snax_core_0_acc_0_snax_dual_versacore_swiglu/i_snax_dual_versacore_swiglu_shell_wrapper/inst_VersaCore_1/array/VersaCore_fullCutFullBandwidth_1/wrap_reg_rep__7_n_0                                       |   1024 | FDCE        |
| hemaia_system_i/occamy_chip/inst/i_occamy/i_occamy_soc/i_occamy_quad/i_occamy_cluster_2/i_snax_core_0_acc_0_snax_dual_versacore_swiglu/i_snax_dual_versacore_swiglu_shell_wrapper/inst_VersaCore_1/array/VersaCore_fullCutFullBandwidth_1/wrap_reg_rep_n_0                                          |   1024 | FDCE        |
| hemaia_system_i/occamy_chip/inst/i_occamy/i_occamy_soc/i_occamy_quad/i_occamy_cluster_2/i_snax_core_0_acc_0_snax_dual_versacore_swiglu/i_snax_dual_versacore_swiglu_streamer_wrapper/i_snax_dual_versacore_swiglu_streamer_top/reader_0/dataBuffer/queues_9/g_rst[3].g_delay.pipe_ff_reg[2][0]      |   1024 | LUT4        |
| hemaia_system_i/occamy_chip/inst/i_occamy/i_occamy_soc/i_occamy_quad/i_occamy_cluster_3/i_cluster/i_dma_interconnect/gen_rsp_mux[0].i_shift_reg/i_shift_reg_gated/Q[0]                                                                                                                              |   1024 | FDCE        |
| hemaia_system_i/occamy_chip/inst/i_occamy/i_occamy_soc/i_occamy_quad/i_occamy_cluster_3/i_cluster/i_dma_interconnect/gen_rsp_mux[0].i_shift_reg/i_shift_reg_gated/Q[1]                                                                                                                              |   1024 | FDCE        |
| hemaia_system_i/occamy_chip/inst/i_occamy/i_occamy_soc/i_occamy_quad/i_occamy_cluster_3/i_snax_core_0_acc_0_snax_dual_versacore_swiglu/i_snax_dual_versacore_swiglu_shell_wrapper/inst_VersaCore_1/array/VersaCore_fullCutFullBandwidth_1/wrap_reg_rep__0_n_0                                       |   1024 | FDCE        |
| hemaia_system_i/occamy_chip/inst/i_occamy/i_occamy_soc/i_occamy_quad/i_occamy_cluster_3/i_snax_core_0_acc_0_snax_dual_versacore_swiglu/i_snax_dual_versacore_swiglu_shell_wrapper/inst_VersaCore_1/array/VersaCore_fullCutFullBandwidth_1/wrap_reg_rep__1_n_0                                       |   1024 | FDCE        |
| hemaia_system_i/occamy_chip/inst/i_occamy/i_occamy_soc/i_occamy_quad/i_occamy_cluster_3/i_snax_core_0_acc_0_snax_dual_versacore_swiglu/i_snax_dual_versacore_swiglu_shell_wrapper/inst_VersaCore_1/array/VersaCore_fullCutFullBandwidth_1/wrap_reg_rep__2_n_0                                       |   1024 | FDCE        |
| hemaia_system_i/occamy_chip/inst/i_occamy/i_occamy_soc/i_occamy_quad/i_occamy_cluster_3/i_snax_core_0_acc_0_snax_dual_versacore_swiglu/i_snax_dual_versacore_swiglu_shell_wrapper/inst_VersaCore_1/array/VersaCore_fullCutFullBandwidth_1/wrap_reg_rep__3_n_0                                       |   1024 | FDCE        |
| hemaia_system_i/occamy_chip/inst/i_occamy/i_occamy_soc/i_occamy_quad/i_occamy_cluster_3/i_snax_core_0_acc_0_snax_dual_versacore_swiglu/i_snax_dual_versacore_swiglu_shell_wrapper/inst_VersaCore_1/array/VersaCore_fullCutFullBandwidth_1/wrap_reg_rep__4_n_0                                       |   1024 | FDCE        |
| hemaia_system_i/occamy_chip/inst/i_occamy/i_occamy_soc/i_occamy_quad/i_occamy_cluster_3/i_snax_core_0_acc_0_snax_dual_versacore_swiglu/i_snax_dual_versacore_swiglu_shell_wrapper/inst_VersaCore_1/array/VersaCore_fullCutFullBandwidth_1/wrap_reg_rep__5_n_0                                       |   1024 | FDCE        |
| hemaia_system_i/occamy_chip/inst/i_occamy/i_occamy_soc/i_occamy_quad/i_occamy_cluster_3/i_snax_core_0_acc_0_snax_dual_versacore_swiglu/i_snax_dual_versacore_swiglu_shell_wrapper/inst_VersaCore_1/array/VersaCore_fullCutFullBandwidth_1/wrap_reg_rep__6_n_0                                       |   1024 | FDCE        |
| hemaia_system_i/occamy_chip/inst/i_occamy/i_occamy_soc/i_occamy_quad/i_occamy_cluster_3/i_snax_core_0_acc_0_snax_dual_versacore_swiglu/i_snax_dual_versacore_swiglu_shell_wrapper/inst_VersaCore_1/array/VersaCore_fullCutFullBandwidth_1/wrap_reg_rep__7_n_0                                       |   1024 | FDCE        |
| hemaia_system_i/occamy_chip/inst/i_occamy/i_occamy_soc/i_occamy_quad/i_occamy_cluster_3/i_snax_core_0_acc_0_snax_dual_versacore_swiglu/i_snax_dual_versacore_swiglu_shell_wrapper/inst_VersaCore_1/array/VersaCore_fullCutFullBandwidth_1/wrap_reg_rep_n_0                                          |   1024 | FDCE        |
| hemaia_system_i/occamy_chip/inst/i_occamy/i_occamy_soc/i_occamy_quad/i_occamy_cluster_3/i_snax_core_0_acc_0_snax_dual_versacore_swiglu/i_snax_dual_versacore_swiglu_streamer_wrapper/i_snax_dual_versacore_swiglu_streamer_top/reader_0/dataBuffer/queues_9/g_rst[4].g_delay.pipe_ff_reg[2][0]      |   1024 | LUT4        |
| hemaia_system_i/occamy_chip/inst/i_occamy/i_occamy_soc/i_soc_narrow_wide_dw/gen_dw_upsize.i_axi_dw_upsizer/i_axi_demux/i_ar_spill_reg/spill_register_flushable_i/gen_spill_reg.b_full_q_0                                                                                                           |   1023 | FDCE        |
| hemaia_system_i/occamy_chip/inst/i_occamy/i_occamy_soc/i_soc_narrow_wide_dw/gen_dw_upsize.i_axi_dw_upsizer/i_axi_demux/i_aw_spill_reg/spill_register_flushable_i/gen_spill_reg.b_full_q_reg_0                                                                                                       |   1023 | FDCE        |
| hemaia_system_i/occamy_chip/inst/i_occamy/i_occamy_soc/i_occamy_quad/i_occamy_cluster_0/i_cluster/i_axi_dma_xbar/gen_mst_port_mux[1].i_axi_mux/gen_mux.i_r_spill_reg/spill_register_flushable_i/gen_spill_reg.b_full_q_reg_0                                                                        |   1007 | FDCE        |
| hemaia_system_i/occamy_chip/inst/i_occamy/i_occamy_soc/i_occamy_quad/i_occamy_cluster_1/i_cluster/i_axi_dma_xbar/gen_mst_port_mux[1].i_axi_mux/gen_mux.i_r_spill_reg/spill_register_flushable_i/gen_spill_reg.b_full_q_reg_0                                                                        |   1007 | FDCE        |
| hemaia_system_i/occamy_chip/inst/i_occamy/i_occamy_soc/i_occamy_quad/i_occamy_cluster_2/i_cluster/i_axi_dma_xbar/gen_mst_port_mux[1].i_axi_mux/gen_mux.i_r_spill_reg/spill_register_flushable_i/gen_spill_reg.b_full_q_reg_0                                                                        |   1007 | FDCE        |
| hemaia_system_i/occamy_chip/inst/i_occamy/i_occamy_soc/i_occamy_quad/i_occamy_cluster_3/i_cluster/i_axi_dma_xbar/gen_mst_port_mux[1].i_axi_mux/gen_mux.i_r_spill_reg/spill_register_flushable_i/gen_spill_reg.b_full_q_reg_0                                                                        |   1007 | FDCE        |
| hemaia_system_i/occamy_chip/inst/i_occamy/i_occamy_soc/i_soc_narrow_wide_dw/gen_dw_upsize.i_axi_dw_upsizer/gen_read_upsizer[1].r_req_q_reg[ar][addr][5]_rep_n_0                                                                                                                                     |   1003 | FDCE        |
| hemaia_system_i/occamy_chip/inst/i_occamy/i_occamy_soc/i_occamy_quad/i_narrow_cluster_in_ctrl_cut/gen_axi_cut.gen_axi_cuts[0].i_cut/i_reg_aw/spill_register_flushable_i/gen_spill_reg.b_full_q_reg_0                                                                                                |    899 | FDCE        |
| hemaia_system_i/occamy_chip/inst/i_occamy/i_occamy_soc/i_occamy_quad/i_narrow_cluster_out_cdc_0/i_axi_cdc_dst/i_cdc_fifo_gray_dst_aw/i_spill_register/spill_register_flushable_i/gen_spill_reg.b_full_q_reg_0                                                                                       |    898 | FDCE        |
| hemaia_system_i/occamy_chip/inst/i_occamy/i_occamy_soc/i_occamy_quad/i_narrow_cluster_out_cdc_1/i_axi_cdc_dst/i_cdc_fifo_gray_dst_aw/i_spill_register/spill_register_flushable_i/gen_spill_reg.b_full_q_reg_0                                                                                       |    898 | FDCE        |
| hemaia_system_i/occamy_chip/inst/i_occamy/i_occamy_soc/i_occamy_quad/i_narrow_cluster_out_cdc_2/i_axi_cdc_dst/i_cdc_fifo_gray_dst_aw/i_spill_register/spill_register_flushable_i/gen_spill_reg.b_full_q_reg_0                                                                                       |    898 | FDCE        |
| hemaia_system_i/occamy_chip/inst/i_occamy/i_occamy_soc/i_occamy_quad/i_narrow_cluster_out_cdc_3/i_axi_cdc_dst/i_cdc_fifo_gray_dst_aw/i_spill_register/spill_register_flushable_i/gen_spill_reg.b_full_q_reg_0                                                                                       |    898 | FDCE        |
| hemaia_system_i/occamy_chip/inst/i_occamy/i_occamy_soc/i_occamy_quad/i_wide_cluster_in_iwc_cut/gen_axi_cut.gen_axi_cuts[0].i_cut/i_reg_aw/spill_register_flushable_i/gen_spill_reg.b_full_q_reg_0                                                                                                   |    897 | FDCE        |
| hemaia_system_i/occamy_chip/inst/i_occamy/i_occamy_soc/i_occamy_quad/i_wide_cluster_out_cdc_0/i_axi_cdc_dst/i_cdc_fifo_gray_dst_aw/i_spill_register/spill_register_flushable_i/gen_spill_reg.b_full_q_reg_0                                                                                         |    895 | FDCE        |
| hemaia_system_i/occamy_chip/inst/i_occamy/i_occamy_soc/i_occamy_quad/i_wide_cluster_out_cdc_1/i_axi_cdc_dst/i_cdc_fifo_gray_dst_aw/i_spill_register/spill_register_flushable_i/gen_spill_reg.b_full_q_reg_0                                                                                         |    895 | FDCE        |
| hemaia_system_i/occamy_chip/inst/i_occamy/i_occamy_soc/i_occamy_quad/i_wide_cluster_out_cdc_2/i_axi_cdc_dst/i_cdc_fifo_gray_dst_aw/i_spill_register/spill_register_flushable_i/gen_spill_reg.b_full_q_reg_0                                                                                         |    895 | FDCE        |
| hemaia_system_i/occamy_chip/inst/i_occamy/i_occamy_soc/i_occamy_quad/i_wide_cluster_out_cdc_3/i_axi_cdc_dst/i_cdc_fifo_gray_dst_aw/i_spill_register/spill_register_flushable_i/gen_spill_reg.b_full_q_reg_0                                                                                         |    895 | FDCE        |
| hemaia_system_i/occamy_chip/inst/i_occamy/i_occamy_soc/i_occamy_quad/i_narrow_cluster_in_ctrl_cut/gen_axi_cut.gen_axi_cuts[0].i_cut/i_reg_ar/spill_register_flushable_i/gen_spill_reg.b_full_q_reg_0                                                                                                |    893 | FDCE        |
| hemaia_system_i/occamy_chip/inst/i_occamy/i_occamy_soc/i_occamy_quad/i_narrow_cluster_out_cdc_0/i_axi_cdc_dst/i_cdc_fifo_gray_dst_ar/i_spill_register/spill_register_flushable_i/gen_spill_reg.b_full_q_reg_0                                                                                       |    892 | FDCE        |
| hemaia_system_i/occamy_chip/inst/i_occamy/i_occamy_soc/i_occamy_quad/i_narrow_cluster_out_cdc_1/i_axi_cdc_dst/i_cdc_fifo_gray_dst_ar/i_spill_register/spill_register_flushable_i/gen_spill_reg.b_full_q_reg_0                                                                                       |    892 | FDCE        |
| hemaia_system_i/occamy_chip/inst/i_occamy/i_occamy_soc/i_occamy_quad/i_narrow_cluster_out_cdc_2/i_axi_cdc_dst/i_cdc_fifo_gray_dst_ar/i_spill_register/spill_register_flushable_i/gen_spill_reg.b_full_q_reg_0                                                                                       |    892 | FDCE        |
| hemaia_system_i/occamy_chip/inst/i_occamy/i_occamy_soc/i_occamy_quad/i_narrow_cluster_out_cdc_3/i_axi_cdc_dst/i_cdc_fifo_gray_dst_ar/i_spill_register/spill_register_flushable_i/gen_spill_reg.b_full_q_reg_0                                                                                       |    892 | FDCE        |
| hemaia_system_i/occamy_chip/inst/i_occamy/i_occamy_soc/i_occamy_quad/i_wide_cluster_in_iwc_cut/gen_axi_cut.gen_axi_cuts[0].i_cut/i_reg_ar/spill_register_flushable_i/gen_spill_reg.b_full_q_reg_0                                                                                                   |    891 | FDCE        |
| hemaia_system_i/occamy_chip/inst/i_occamy/i_occamy_soc/i_occamy_quad/i_wide_cluster_out_cdc_0/i_axi_cdc_dst/i_cdc_fifo_gray_dst_ar/i_spill_register/spill_register_flushable_i/gen_spill_reg.b_full_q_reg_0                                                                                         |    889 | FDCE        |
| hemaia_system_i/occamy_chip/inst/i_occamy/i_occamy_soc/i_occamy_quad/i_wide_cluster_out_cdc_1/i_axi_cdc_dst/i_cdc_fifo_gray_dst_ar/i_spill_register/spill_register_flushable_i/gen_spill_reg.b_full_q_reg_0                                                                                         |    889 | FDCE        |
| hemaia_system_i/occamy_chip/inst/i_occamy/i_occamy_soc/i_occamy_quad/i_wide_cluster_out_cdc_2/i_axi_cdc_dst/i_cdc_fifo_gray_dst_ar/i_spill_register/spill_register_flushable_i/gen_spill_reg.b_full_q_reg_0                                                                                         |    889 | FDCE        |
| hemaia_system_i/occamy_chip/inst/i_occamy/i_occamy_soc/i_occamy_quad/i_wide_cluster_out_cdc_3/i_axi_cdc_dst/i_cdc_fifo_gray_dst_ar/i_spill_register/spill_register_flushable_i/gen_spill_reg.b_full_q_reg_0                                                                                         |    889 | FDCE        |
| hemaia_system_i/occamy_chip/inst/i_occamy/i_occamy_soc/i_cva6_mst_cut/gen_axi_cut.gen_axi_cuts[1].i_cut/i_reg_aw/spill_register_flushable_i/gen_spill_reg.b_full_q_reg_0                                                                                                                            |    875 | FDCE        |
| hemaia_system_i/occamy_chip/inst/i_occamy/i_occamy_soc/i_narrow_out_cut/gen_axi_cut.gen_axi_cuts[2].i_cut/i_reg_aw/spill_register_flushable_i/gen_spill_reg.b_full_q_reg_0                                                                                                                          |    875 | FDCE        |
| hemaia_system_i/occamy_chip/inst/i_occamy/i_occamy_soc/i_soc_wide_narrow_dw_cut/gen_axi_cut.gen_axi_cuts[0].i_cut/i_reg_aw/spill_register_flushable_i/gen_spill_reg.b_full_q_reg_0                                                                                                                  |    872 | FDCE        |
| hemaia_system_i/occamy_chip/inst/i_hemaia_clk_rst_controller/i_reset_sync/g_rst[1].g_delay.pipe_ff_reg[2]_1[0]                                                                                                                                                                                      |    871 | FDCE        |
| hemaia_system_i/occamy_chip/inst/i_hemaia_clk_rst_controller/i_reset_sync/g_rst[2].g_delay.pipe_ff_reg[2]_1[0]                                                                                                                                                                                      |    871 | FDCE        |
| hemaia_system_i/occamy_chip/inst/i_hemaia_clk_rst_controller/i_reset_sync/g_rst[3].g_delay.pipe_ff_reg[2]_1[0]                                                                                                                                                                                      |    871 | FDCE        |
| hemaia_system_i/occamy_chip/inst/i_hemaia_clk_rst_controller/i_reset_sync/g_rst[4].g_delay.pipe_ff_reg[2]_1[0]                                                                                                                                                                                      |    871 | FDCE        |
| hemaia_system_i/occamy_chip/inst/i_occamy/i_occamy_soc/i_cva6_mst_cut/gen_axi_cut.gen_axi_cuts[1].i_cut/i_reg_ar/spill_register_flushable_i/gen_spill_reg.b_full_q_reg_0                                                                                                                            |    869 | FDCE        |
| hemaia_system_i/occamy_chip/inst/i_occamy/i_occamy_soc/i_narrow_out_cut/gen_axi_cut.gen_axi_cuts[2].i_cut/i_reg_ar/spill_register_flushable_i/gen_spill_reg.b_full_q_reg_0                                                                                                                          |    869 | FDCE        |
| hemaia_system_i/occamy_chip/inst/i_occamy/i_occamy_soc/i_soc_wide_narrow_dw_cut/gen_axi_cut.gen_axi_cuts[0].i_cut/i_reg_ar/spill_register_flushable_i/gen_spill_reg.b_full_q_reg_0                                                                                                                  |    868 | FDCE        |
| hemaia_system_i/occamy_chip/inst/i_occamy/i_occamy_soc/i_periph_axi_lite_in_cut/gen_axi_cut.gen_axi_cuts[1].i_cut/i_reg_ar/spill_register_flushable_i/gen_spill_reg.b_full_q_reg_0                                                                                                                  |    844 | FDCE        |
| hemaia_system_i/occamy_chip/inst/i_occamy/i_occamy_soc/i_periph_axi_lite_in_cut/gen_axi_cut.gen_axi_cuts[1].i_cut/i_reg_aw/spill_register_flushable_i/gen_spill_reg.b_full_q_reg_0                                                                                                                  |    844 | FDCE        |
| hemaia_system_i/occamy_chip/inst/i_occamy/i_occamy_soc/i_soc_narrow_wide_dw/gen_dw_upsize.i_axi_dw_upsizer/gen_read_upsizer[4].r_req_q_reg[ar][addr][5]_rep__3_n_0                                                                                                                                  |    834 | FDCE        |
| hemaia_system_i/occamy_chip/inst/i_occamy/i_occamy_soc/i_occamy_quad/i_occamy_quad_ctrl/i_quad_axi_lite_narrow_mux/gen_mst_port_mux[3].i_axi_lite_mux/gen_mux.i_ar_spill_reg/spill_register_flushable_i/gen_spill_reg.b_full_q                                                                      |    829 | FDCE        |
| hemaia_system_i/occamy_chip/inst/i_occamy/i_occamy_soc/i_occamy_quad/i_occamy_quad_ctrl/i_quad_axi_lite_narrow_mux/gen_mst_port_mux[1].i_axi_lite_mux/gen_mux.i_ar_spill_reg/spill_register_flushable_i/gen_spill_reg.b_full_q                                                                      |    828 | FDCE        |
| hemaia_system_i/occamy_chip/inst/i_occamy/i_occamy_soc/i_occamy_quad/i_occamy_quad_ctrl/i_quad_axi_lite_narrow_mux/gen_mst_port_mux[2].i_axi_lite_mux/gen_mux.i_ar_spill_reg/spill_register_flushable_i/gen_spill_reg.b_full_q                                                                      |    828 | FDCE        |
| hemaia_system_i/occamy_chip/inst/i_occamy/i_occamy_soc/i_occamy_quad/i_occamy_quad_ctrl/i_quad_axi_lite_narrow_mux/gen_mst_port_mux[4].i_axi_lite_mux/gen_mux.i_ar_spill_reg/spill_register_flushable_i/gen_spill_reg.b_full_q                                                                      |    828 | FDCE        |
| hemaia_system_i/occamy_chip/inst/i_occamy/i_occamy_soc/i_soc_narrow_wide_dw/gen_dw_upsize.i_axi_dw_upsizer/gen_read_upsizer[5].r_req_q_reg[ar][addr][5]_rep_n_0                                                                                                                                     |    828 | FDCE        |
| hemaia_system_i/occamy_chip/inst/i_occamy/i_occamy_soc/i_occamy_quad/i_occamy_quad_ctrl/i_quad_axi_lite_narrow_mux/gen_mst_port_mux[3].i_axi_lite_mux/gen_mux.i_aw_spill_reg/spill_register_flushable_i/gen_spill_reg.b_full_q                                                                      |    826 | FDCE        |
| hemaia_system_i/occamy_chip/inst/i_occamy/i_occamy_soc/i_occamy_quad/i_occamy_quad_ctrl/i_quad_axi_lite_narrow_mux/gen_mst_port_mux[1].i_axi_lite_mux/gen_mux.i_aw_spill_reg/spill_register_flushable_i/gen_spill_reg.b_full_q                                                                      |    825 | FDCE        |
| hemaia_system_i/occamy_chip/inst/i_occamy/i_occamy_soc/i_occamy_quad/i_occamy_quad_ctrl/i_quad_axi_lite_narrow_mux/gen_mst_port_mux[2].i_axi_lite_mux/gen_mux.i_aw_spill_reg/spill_register_flushable_i/gen_spill_reg.b_full_q                                                                      |    825 | FDCE        |
| hemaia_system_i/occamy_chip/inst/i_occamy/i_occamy_soc/i_occamy_quad/i_occamy_quad_ctrl/i_quad_axi_lite_narrow_mux/gen_mst_port_mux[4].i_axi_lite_mux/gen_mux.i_aw_spill_reg/spill_register_flushable_i/gen_spill_reg.b_full_q                                                                      |    825 | FDCE        |
| hemaia_system_i/occamy_chip/inst/i_occamy/i_soc_axi_lite_narrow_periph_xbar/gen_mst_port_mux[7].i_axi_lite_mux/gen_no_mux.i_ar_spill_reg/spill_register_flushable_i/gen_spill_reg.b_full_q_reg_0                                                                                                    |    825 | FDCE        |
| hemaia_system_i/occamy_chip/inst/i_occamy/i_soc_axi_lite_narrow_periph_xbar/gen_mst_port_mux[7].i_axi_lite_mux/gen_no_mux.i_aw_spill_reg/spill_register_flushable_i/gen_spill_reg.b_full_q_reg_0                                                                                                    |    825 | FDCE        |
| hemaia_system_i/occamy_chip/inst/i_occamy/i_soc_axi_lite_periph_xbar/gen_mst_port_mux[2].i_axi_lite_mux/gen_mux.i_aw_spill_reg/spill_register_flushable_i/gen_spill_reg.b_full_q_reg_0                                                                                                              |    820 | FDCE        |
| hemaia_system_i/occamy_chip/inst/i_occamy/i_occamy_soc/i_occamy_quad/i_occamy_quad_ctrl/i_quad_axi_lite_xbar/gen_mst_port_mux[1].i_axi_lite_mux/gen_mux.i_aw_spill_reg/spill_register_flushable_i/gen_spill_reg.b_full_q                                                                            |    819 | FDCE        |
| hemaia_system_i/occamy_chip/inst/i_occamy/i_soc_axi_lite_periph_xbar/gen_mst_port_mux[2].i_axi_lite_mux/gen_mux.i_ar_spill_reg/spill_register_flushable_i/gen_spill_reg.b_full_q_reg_0                                                                                                              |    819 | FDCE        |
| hemaia_system_i/occamy_chip/inst/i_occamy/i_occamy_soc/i_occamy_quad/i_occamy_quad_ctrl/i_quad_axi_lite_xbar/gen_mst_port_mux[1].i_axi_lite_mux/gen_mux.i_ar_spill_reg/spill_register_flushable_i/gen_spill_reg.b_full_q_reg_0                                                                      |    818 | FDCE        |
| hemaia_system_i/occamy_chip/inst/i_occamy/i_occamy_soc/i_soc_wide_narrow_dw/gen_dw_downsize.i_axi_dw_downsizer/gen_read_downsizer[1].r_req_q_reg[ar][addr][4]_rep__1_n_0                                                                                                                            |    806 | FDCE        |
| hemaia_system_i/occamy_chip/inst/i_occamy/i_occamy_soc/i_soc_narrow_wide_dw/gen_dw_upsize.i_axi_dw_upsizer/gen_read_upsizer[7].r_req_q_reg[ar][addr][5]_rep__1_n_0                                                                                                                                  |    788 | FDCE        |
| hemaia_system_i/occamy_chip/inst/i_occamy/i_occamy_soc/i_soc_wide_narrow_dw/gen_dw_downsize.i_axi_dw_downsizer/gen_read_downsizer[1].r_req_q_reg[ar][addr][5]_rep__1_n_0                                                                                                                            |    785 | FDCE        |
| hemaia_system_i/occamy_chip/inst/i_occamy/i_occamy_soc/i_soc_wide_xbar/gen_slv_port_demux[1].i_axi_demux/i_r_spill_reg/spill_register_flushable_i/gen_spill_reg.b_full_q_reg_0                                                                                                                      |    783 | FDCE        |
| hemaia_system_i/occamy_chip/inst/i_occamy/i_occamy_soc/i_soc_wide_narrow_dw/gen_dw_downsize.i_axi_dw_downsizer/gen_read_downsizer[3].r_req_q_reg[ar][addr][4]_rep__0_n_0                                                                                                                            |    737 | FDCE        |
| hemaia_system_i/occamy_chip/inst/i_occamy/i_occamy_soc/i_soc_narrow_wide_dw/gen_dw_upsize.i_axi_dw_upsizer/i_axi_demux/i_demux_simple/i_r_mux/gen_arbiter.gen_int_rr.rr_q_reg[0]_0                                                                                                                  |    736 | LUT3        |
| hemaia_system_i/occamy_chip/inst/i_occamy/i_occamy_soc/i_soc_wide_narrow_dw/gen_dw_downsize.i_axi_dw_downsizer/gen_read_downsizer[3].r_req_q_reg[ar][addr][5]_rep__3_n_0                                                                                                                            |    728 | FDCE        |
| hemaia_system_i/occamy_chip/inst/i_occamy/i_occamy_soc/i_soc_wide_narrow_dw/gen_dw_downsize.i_axi_dw_downsizer/i_read_id_queue/FSM_sequential_gen_read_downsizer[6].r_state_q_reg[0]                                                                                                                |    711 | LUT3        |
| hemaia_system_i/versal_cips_0/inst/pspmc_0/inst/pl0_ref_clk                                                                                                                                                                                                                                         |    704 | BUFG_PS     |
| hemaia_system_i/occamy_chip/inst/i_occamy/i_occamy_soc/i_soc_wide_narrow_dw/gen_dw_downsize.i_axi_dw_downsizer/gen_read_downsizer[0].r_req_q_reg[ar][addr][5]_rep__1_n_0                                                                                                                            |    696 | FDCE        |
| hemaia_system_i/occamy_chip/inst/i_occamy/i_occamy_soc/i_soc_wide_narrow_dw/gen_dw_downsize.i_axi_dw_downsizer/i_axi_demux/i_demux_simple/i_r_mux/FSM_sequential_gen_read_downsizer[4].r_state_q_reg[1]                                                                                             |    696 | LUT3        |
| hemaia_system_i/occamy_chip/inst/i_occamy/i_occamy_soc/i_soc_wide_narrow_dw/gen_dw_downsize.i_axi_dw_downsizer/i_read_id_queue/FSM_sequential_gen_read_downsizer[5].r_state_q_reg[2]                                                                                                                |    689 | LUT3        |
| hemaia_system_i/occamy_chip/inst/i_occamy/i_occamy_soc/i_occamy_quad/i_occamy_cluster_0/i_snax_core_1_xdma/i_snax_dual_versacore_int16x4_4lane_postproc_v2_cluster_xdma/writer/dataBuffer/queues_2/do_enq                                                                                           |    688 | LUT6        |
| hemaia_system_i/occamy_chip/inst/i_occamy/i_occamy_soc/i_occamy_quad/i_occamy_cluster_1/i_snax_core_1_xdma/i_snax_dual_versacore_int16x4_4lane_postproc_v2_cluster_xdma/writer/dataBuffer/queues_2/do_enq                                                                                           |    688 | LUT6        |
| hemaia_system_i/occamy_chip/inst/i_occamy/i_occamy_soc/i_occamy_quad/i_occamy_cluster_2/i_snax_core_1_xdma/i_snax_dual_versacore_int16x4_4lane_postproc_v2_cluster_xdma/writer/dataBuffer/queues_2/do_enq                                                                                           |    688 | LUT6        |
| hemaia_system_i/occamy_chip/inst/i_occamy/i_occamy_soc/i_occamy_quad/i_occamy_cluster_3/i_snax_core_1_xdma/i_snax_dual_versacore_int16x4_4lane_postproc_v2_cluster_xdma/writer/dataBuffer/queues_2/do_enq                                                                                           |    688 | LUT6        |
| hemaia_system_i/occamy_chip/inst/i_occamy/i_occamy_soc/i_soc_narrow_wide_dw/gen_dw_upsize.i_axi_dw_upsizer/gen_read_upsizer[1].r_req_q_reg[ar][addr][4]_rep__0_n_0                                                                                                                                  |    680 | FDCE        |
| hemaia_system_i/occamy_chip/inst/i_hemaia_mem_system/i_hemaia_xdma_wrapper/i_hemaia_xdma/xdmaDatapath/writer/dataBuffer/queues_4/ram_ext/E[0]                                                                                                                                                       |    672 | LUT6        |
| hemaia_system_i/occamy_chip/inst/i_occamy/i_occamy_soc/i_occamy_quad/i_occamy_quad_ctrl/i_quad_axi_lite_xbar/gen_mst_port_mux[0].i_axi_lite_mux/gen_mux.i_ar_spill_reg/spill_register_flushable_i/gen_spill_reg.b_full_q_reg_0                                                                      |    663 | FDCE        |
| hemaia_system_i/occamy_chip/inst/i_occamy/i_occamy_soc/i_soc_wide_narrow_dw/gen_dw_downsize.i_axi_dw_downsizer/w_req_q_reg[aw][addr][5]_rep__0_n_0                                                                                                                                                  |    661 | FDCE        |
| hemaia_system_i/occamy_chip/inst/i_occamy/i_occamy_soc/i_soc_wide_narrow_dw/gen_dw_downsize.i_axi_dw_downsizer/gen_read_downsizer[5].r_req_q_reg[ar][addr][5]_rep_n_0                                                                                                                               |    646 | FDCE        |
| hemaia_system_i/occamy_chip/inst/i_occamy/i_occamy_soc/i_soc_narrow_wide_dw/gen_dw_upsize.i_axi_dw_upsizer/gen_read_upsizer[4].r_req_q_reg[ar][addr][4]_rep__0_n_0                                                                                                                                  |    645 | FDCE        |
| hemaia_system_i/occamy_chip/inst/i_hemaia_mem_system/i_hemaia_xdma_wrapper/i_hemaia_xdma/xdmaDatapath/writer/addressgen/outputBuffer/queues_6/ram_0_remoteLoopback_reg                                                                                                                              |    638 | LUT4        |
| hemaia_system_i/occamy_chip/inst/i_occamy/i_occamy_soc/i_occamy_quad/i_occamy_cluster_0/i_cluster/gen_core[0].i_snitch_cc/i_spill_register_acc_demux_req/gen_isochronous_spill_register.mem_q_reg[1][data_argb][0]_0                                                                                |    638 | LUT2        |
| hemaia_system_i/occamy_chip/inst/i_occamy/i_occamy_soc/i_occamy_quad/i_occamy_cluster_1/i_cluster/gen_core[0].i_snitch_cc/i_spill_register_acc_demux_req/gen_isochronous_spill_register.mem_q_reg[1][data_argb][0]_1                                                                                |    638 | LUT2        |
| hemaia_system_i/occamy_chip/inst/i_occamy/i_occamy_soc/i_occamy_quad/i_occamy_cluster_1/i_snax_core_0_acc_0_snax_dual_versacore_swiglu/i_snax_dual_versacore_swiglu_streamer_wrapper/i_snax_dual_versacore_swiglu_streamer_top/reader_0/addressgen/outputBuffer/queues_9/E[0]                       |    638 | LUT6        |
| hemaia_system_i/occamy_chip/inst/i_occamy/i_occamy_soc/i_occamy_quad/i_occamy_cluster_2/i_cluster/gen_core[0].i_snitch_cc/i_spill_register_acc_demux_req/gen_isochronous_spill_register.mem_q_reg[1][data_argb][0]_1                                                                                |    638 | LUT2        |
| hemaia_system_i/occamy_chip/inst/i_occamy/i_occamy_soc/i_occamy_quad/i_occamy_cluster_3/i_cluster/gen_core[0].i_snitch_cc/i_spill_register_acc_demux_req/gen_isochronous_spill_register.mem_q_reg[1][data_argb][0]_1                                                                                |    638 | LUT2        |
| hemaia_system_i/occamy_chip/inst/i_occamy/i_occamy_soc/i_occamy_quad/i_occamy_cluster_0/i_snax_core_1_xdma/i_snax_dual_versacore_int16x4_4lane_postproc_v2_cluster_xdma/xdmaDatapath/writer/addressgen/outputBuffer/queues_5/ram_0_remoteLoopback_reg                                               |    635 | LUT4        |
| hemaia_system_i/occamy_chip/inst/i_occamy/i_occamy_soc/i_occamy_quad/i_occamy_cluster_1/i_snax_core_1_xdma/i_snax_dual_versacore_int16x4_4lane_postproc_v2_cluster_xdma/xdmaDatapath/writer/addressgen/outputBuffer/queues_5/ram_0_remoteLoopback_reg                                               |    635 | LUT4        |
| hemaia_system_i/occamy_chip/inst/i_occamy/i_occamy_soc/i_occamy_quad/i_occamy_cluster_2/i_snax_core_1_xdma/i_snax_dual_versacore_int16x4_4lane_postproc_v2_cluster_xdma/xdmaDatapath/writer/addressgen/outputBuffer/queues_5/ram_0_remoteLoopback_reg                                               |    635 | LUT4        |
| hemaia_system_i/occamy_chip/inst/i_occamy/i_occamy_soc/i_occamy_quad/i_occamy_cluster_3/i_snax_core_1_xdma/i_snax_dual_versacore_int16x4_4lane_postproc_v2_cluster_xdma/xdmaDatapath/writer/addressgen/outputBuffer/queues_5/ram_0_remoteLoopback_reg                                               |    635 | LUT4        |
| hemaia_system_i/occamy_chip/inst/i_occamy/i_occamy_soc/i_occamy_quad/i_occamy_cluster_1/i_cluster/gen_core[0].i_snitch_cc/i_spill_register_acc_demux_req/gen_isochronous_spill_register.mem_q_reg[1][data_argb][1]_0                                                                                |    634 | LUT2        |
| hemaia_system_i/occamy_chip/inst/i_occamy/i_occamy_soc/i_occamy_quad/i_occamy_cluster_2/i_cluster/gen_core[0].i_snitch_cc/i_spill_register_acc_demux_req/gen_isochronous_spill_register.mem_q_reg[1][data_argb][1]_0                                                                                |    634 | LUT2        |
| hemaia_system_i/occamy_chip/inst/i_occamy/i_occamy_soc/i_occamy_quad/i_occamy_cluster_3/i_cluster/gen_core[0].i_snitch_cc/i_spill_register_acc_demux_req/gen_isochronous_spill_register.mem_q_reg[1][data_argb][1]_0                                                                                |    634 | LUT2        |
| hemaia_system_i/occamy_chip/inst/i_occamy/i_occamy_soc/i_soc_narrow_wide_dw/gen_dw_upsize.i_axi_dw_upsizer/w_req_q_reg[aw][addr][5]_rep__2_n_0                                                                                                                                                      |    628 | FDCE        |
| hemaia_system_i/occamy_chip/inst/i_occamy/i_occamy_soc/i_occamy_quad/i_occamy_cluster_0/i_snax_core_0_acc_0_snax_dual_versacore_swiglu/i_snax_dual_versacore_swiglu_streamer_wrapper/i_snax_dual_versacore_swiglu_streamer_top/reader_0/addressgen/outputBuffer/queues_9/maybe_full_reg_0           |    627 | LUT6        |
| hemaia_system_i/occamy_chip/inst/i_occamy/i_occamy_soc/i_occamy_quad/i_occamy_cluster_2/i_snax_core_0_acc_0_snax_dual_versacore_swiglu/i_snax_dual_versacore_swiglu_streamer_wrapper/i_snax_dual_versacore_swiglu_streamer_top/reader_0/addressgen/outputBuffer/queues_9/E[0]                       |    627 | LUT6        |
| hemaia_system_i/occamy_chip/inst/i_occamy/i_occamy_soc/i_occamy_quad/i_occamy_cluster_3/i_snax_core_0_acc_0_snax_dual_versacore_swiglu/i_snax_dual_versacore_swiglu_streamer_wrapper/i_snax_dual_versacore_swiglu_streamer_top/reader_0/addressgen/outputBuffer/queues_9/E[0]                       |    627 | LUT6        |
| hemaia_system_i/occamy_chip/inst/i_occamy/i_occamy_soc/i_soc_wide_narrow_dw/gen_dw_downsize.i_axi_dw_downsizer/gen_read_downsizer[0].r_req_q_reg[ar][addr][4]_rep__2_n_0                                                                                                                            |    623 | FDCE        |
| hemaia_system_i/occamy_chip/inst/i_occamy/i_occamy_soc/i_soc_wide_narrow_dw/gen_dw_downsize.i_axi_dw_downsizer/w_req_q_reg[aw][addr][5]_rep__1_n_0                                                                                                                                                  |    620 | FDCE        |
| hemaia_system_i/occamy_chip/inst/i_hemaia_mem_system/i_axi_to_mem_hemaia/i_axi_to_mem_read/i_axi_to_detailed_mem/i_mem_to_banks/gen_reqs[0].i_ft_reg/fifo_i/gen_arbiter.gen_int_rr.rr_q_reg[0]_0                                                                                                    |    617 | LUT5        |
| hemaia_system_i/occamy_chip/inst/i_hemaia_mem_system/i_axi_to_mem_hemaia/i_axi_to_mem_read/i_axi_to_detailed_mem/i_mem_to_banks/gen_reqs[0].i_ft_reg/fifo_i/gen_oup_state[0].oup_state_q_reg                                                                                                        |    611 | LUT3        |
| hemaia_system_i/occamy_chip/inst/i_occamy/i_occamy_soc/i_soc_narrow_wide_dw/gen_dw_upsize.i_axi_dw_upsizer/gen_read_upsizer[5].r_req_q_reg[ar][addr][4]_rep_n_0                                                                                                                                     |    609 | FDCE        |
| hemaia_system_i/occamy_chip/inst/i_occamy/i_occamy_soc/i_occamy_quad/i_occamy_cluster_0/i_cluster/i_axi_to_mem_dma/i_axi_to_mem_read/i_axi_to_detailed_mem/i_mem_to_banks/gen_reqs[0].i_ft_reg/fifo_i/gen_oup_state[0].oup_state_q_reg                                                              |    603 | LUT3        |
| hemaia_system_i/occamy_chip/inst/i_occamy/i_occamy_soc/i_occamy_quad/i_occamy_cluster_1/i_cluster/i_axi_to_mem_dma/i_axi_to_mem_read/i_axi_to_detailed_mem/i_mem_to_banks/gen_reqs[0].i_ft_reg/fifo_i/gen_oup_state[0].oup_state_q_reg                                                              |    603 | LUT3        |
| hemaia_system_i/occamy_chip/inst/i_occamy/i_occamy_soc/i_occamy_quad/i_occamy_cluster_2/i_cluster/i_axi_to_mem_dma/i_axi_to_mem_read/i_axi_to_detailed_mem/i_mem_to_banks/gen_reqs[0].i_ft_reg/fifo_i/gen_oup_state[0].oup_state_q_reg                                                              |    603 | LUT3        |
| hemaia_system_i/occamy_chip/inst/i_occamy/i_occamy_soc/i_occamy_quad/i_occamy_cluster_3/i_cluster/i_axi_to_mem_dma/i_axi_to_mem_read/i_axi_to_detailed_mem/i_mem_to_banks/gen_reqs[0].i_ft_reg/fifo_i/gen_oup_state[0].oup_state_q_reg                                                              |    603 | LUT3        |
| hemaia_system_i/occamy_chip/inst/i_occamy/i_occamy_soc/i_soc_narrow_wide_dw/gen_dw_upsize.i_axi_dw_upsizer/w_req_q_reg[aw][addr][4]_rep__0_n_0                                                                                                                                                      |    601 | FDCE        |
| hemaia_system_i/occamy_chip/inst/i_occamy/i_occamy_soc/i_occamy_quad/i_occamy_cluster_0/i_cluster/i_axi_to_mem_dma/i_axi_to_mem_read/i_axi_to_detailed_mem/i_mem_to_banks/gen_reqs[0].i_ft_reg/fifo_i/status_cnt_q_reg[0]_0                                                                         |    598 | LUT3        |
| hemaia_system_i/occamy_chip/inst/i_occamy/i_occamy_soc/i_occamy_quad/i_occamy_cluster_0/i_cluster/i_axi_to_mem_dma/i_axi_to_mem_write/i_axi_to_detailed_mem/i_mem_to_banks/gen_reqs[0].i_ft_reg/fifo_i/operand_b_q[31]_i_7_n_0                                                                      |    598 | LUT4        |
+-----------------------------------------------------------------------------------------------------------------------------------------------------------------------------------------------------------------------------------------------------------------------------------------------------+--------+-------------+


