Copyright 1986-2022 Xilinx, Inc. All Rights Reserved. Copyright 2022-2025 Advanced Micro Devices, Inc. All Rights Reserved.
---------------------------------------------------------------------------------------------------------------------------------------------
| Tool Version : Vivado v.2025.2 (lin64) Build 6299465 Fri Nov 14 12:34:56 MST 2025
| Date         : Sun Jul  5 19:41:42 2026
| Host         : barnard3.esat.kuleuven.be running 64-bit Rocky Linux release 8.10 (Green Obsidian)
| Command      : report_design_analysis -congestion -complexity -file HeMAiA/target/fpga/hemaia_system/post_physopt_design_analysis.rpt
| Design       : hemaia_system_wrapper
| Device       : xcvp1802
| Design State : Fully Placed
---------------------------------------------------------------------------------------------------------------------------------------------

Report Design Analysis

Table of Contents
-----------------
1. Complexity Characteristics (Cells)
2. Placer Final Level Congestion Reporting

1. Complexity Characteristics (Cells)
-------------------------------------

+--------+------+----------------+-----------------+-----------+------+------+------+------+------+------+------------+-----+------+------+-------------------+
| Module | Rent | Average Fanout | Total Instances | Registers | LUT1 | LUT2 | LUT3 | LUT4 | LUT5 | LUT6 | Memory LUT | DSP | RAMB | URAM | Hierarchical Name |
+--------+------+----------------+-----------------+-----------+------+------+------+------+------+------+------------+-----+------+------+-------------------+
* No complexity report generated as cells satisfying given conditions are not present in the design.


2. Placer Final Level Congestion Reporting
------------------------------------------

+-----------+--------+-------+-----------------------------------------+---------------+----------------+-----+--------+------+------+------+-----+------------+-----+-------------------------------------------------------------------------------------------------------------------------------------------------------------------------------------------------------------------------------------------------------------------------------------------------------------------------------------------------------------------------------------------------------------------------------------------------------------------------------------------------------------------------------------------------------------------------------------------------------------------------------------------------------------------------------------------+
| Direction |  Type  | Level |                  Window                 | Combined LUTs | Avg LUT Inputs | LUT | LUTRAM | Flop | RAMB | URAM | DSP | LOOKAHEAD8 | SRL |                                                                                                                                                                                                                                                                                                                                         Cell Names                                                                                                                                                                                                                                                                                                                                        |
+-----------+--------+-------+-----------------------------------------+---------------+----------------+-----+--------+------+------+------+-----+------------+-----+-------------------------------------------------------------------------------------------------------------------------------------------------------------------------------------------------------------------------------------------------------------------------------------------------------------------------------------------------------------------------------------------------------------------------------------------------------------------------------------------------------------------------------------------------------------------------------------------------------------------------------------------------------------------------------------------+
| North     | Global |     6 | (CLE_E_CORE_X29Y151,CLE_W_CORE_X63Y214) |           17% |          2.935 | 59% | 5%     |   7% | 83%  | 87%  | 0%  |        10% |  0% | hemaia_system_i/occamy_chip/inst/i_occamy/i_occamy_soc/i_occamy_quad/i_occamy_cluster_0/i_cluster/gen_yes_snax_tcdm_interconnect.gen_sparse_interconnect.i_tcdm_interconnect/sparse_interconnect_i(21%),hemaia_system_i/occamy_chip/inst/i_occamy/i_occamy_soc/i_occamy_quad/i_occamy_cluster_0/i_cluster(15%),hemaia_system_i/occamy_chip/inst/i_occamy/i_occamy_soc/i_occamy_quad/i_occamy_cluster_0/i_snax_core_0_acc_0_snax_dual_versacore_swiglu/i_snax_dual_versacore_swiglu_streamer_wrapper/i_snax_dual_versacore_swiglu_streamer_top/reader_2/dataBuffer(11%)                                                                                                                    |
| North     | Long   |     6 | (NULL_X50Y200,CLE_E_CORE_X36Y221)       |           14% |          2.341 | 56% | 11%    |   4% | 65%  | 68%  | 0%  |        17% |  0% | hemaia_system_i/occamy_chip/inst/i_occamy/i_occamy_soc/i_occamy_quad/i_occamy_cluster_0/i_snax_core_0_acc_0_snax_dual_versacore_swiglu/i_snax_dual_versacore_swiglu_shell_wrapper/inst_VersaCore_1(25%),hemaia_system_i/occamy_chip/inst/i_occamy/i_occamy_soc/i_occamy_quad/i_occamy_cluster_0/i_snax_core_0_acc_0_snax_dual_versacore_swiglu/i_snax_dual_versacore_swiglu_streamer_wrapper/i_snax_dual_versacore_swiglu_streamer_top/reader_2/dataBuffer(25%),hemaia_system_i/occamy_chip/inst(15%)                                                                                                                                                                                     |
| East      | Long   |     5 | (CLE_W_CORE_X54Y391,CLE_E_CORE_X71Y422) |           14% |          2.116 | 38% | 0%     |  11% | 54%  | 87%  | 0%  |         3% |  0% | hemaia_system_i/occamy_chip/inst/i_occamy/i_occamy_soc/i_occamy_quad/i_occamy_cluster_2/i_cluster/gen_yes_snax_tcdm_interconnect.gen_sparse_interconnect.i_tcdm_interconnect/sparse_interconnect_i(29%),hemaia_system_i/occamy_chip/inst/i_occamy/i_occamy_soc/i_occamy_quad/i_occamy_cluster_2/i_cluster(16%),hemaia_system_i/occamy_chip/inst/i_occamy/i_occamy_soc/i_occamy_quad/i_wide_cluster_in_cdc_0/i_axi_cdc_src(7%)                                                                                                                                                                                                                                                             |
| South     | Long   |     6 | (CLE_E_CORE_X16Y412,CLE_W_CORE_X49Y475) |           22% |          2.410 | 43% | 1%     |  12% | 50%  | 81%  | 0%  |         2% |  0% | hemaia_system_i/occamy_chip/inst/i_occamy/i_occamy_soc/i_occamy_quad/i_occamy_cluster_2/i_cluster/gen_yes_snax_tcdm_interconnect.gen_sparse_interconnect.i_tcdm_interconnect/sparse_interconnect_i(26%),hemaia_system_i/occamy_chip/inst/i_occamy/i_occamy_soc/i_occamy_quad/i_occamy_cluster_2/i_snax_core_0_acc_0_snax_dual_versacore_swiglu/i_snax_dual_versacore_swiglu_streamer_wrapper/i_snax_dual_versacore_swiglu_streamer_top(17%),hemaia_system_i/occamy_chip/inst/i_occamy/i_occamy_soc/i_occamy_quad/i_occamy_cluster_2/i_snax_core_0_acc_0_snax_dual_versacore_swiglu/i_snax_dual_versacore_swiglu_streamer_wrapper/i_snax_dual_versacore_swiglu_streamer_top/csrManager(5%) |
| West      | Long   |     5 | (CLE_E_CORE_X18Y218,CLE_W_CORE_X34Y249) |           12% |          3.204 | 61% | 6%     |   7% | 87%  | 56%  | 0%  |         6% |  0% | hemaia_system_i/occamy_chip/inst/i_occamy/i_occamy_soc/i_occamy_quad/i_occamy_cluster_0/i_cluster/gen_yes_snax_tcdm_interconnect.gen_sparse_interconnect.i_tcdm_interconnect/sparse_interconnect_i(30%),hemaia_system_i/occamy_chip/inst/i_occamy/i_occamy_soc/i_occamy_quad/i_occamy_cluster_0/i_cluster/i_snitch_data_mem(12%),hemaia_system_i/occamy_chip/inst/i_occamy/i_occamy_soc/i_occamy_quad/i_occamy_cluster_0/i_cluster/i_axi_to_mem_dma(10%)                                                                                                                                                                                                                                  |
+-----------+--------+-------+-----------------------------------------+---------------+----------------+-----+--------+------+------+------+-----+------------+-----+-------------------------------------------------------------------------------------------------------------------------------------------------------------------------------------------------------------------------------------------------------------------------------------------------------------------------------------------------------------------------------------------------------------------------------------------------------------------------------------------------------------------------------------------------------------------------------------------------------------------------------------------------------------------------------------------+


